Component: ARM Compiler 5.06 update 6 (build 750) Tool: armlink [4d35ed]

==============================================================================

Section Cross References

    main.o(i.Button_Config) refers to stm32f10x_rcc.o(i.RCC_APB2PeriphClockCmd) for RCC_APB2PeriphClockCmd
    main.o(i.Button_Config) refers to stm32f10x_gpio.o(i.GPIO_Init) for GPIO_Init
    main.o(i.Coi_Config) refers to stm32f10x_rcc.o(i.RCC_APB2PeriphClockCmd) for RCC_APB2PeriphClockCmd
    main.o(i.Coi_Config) refers to stm32f10x_gpio.o(i.GPIO_Init) for GPIO_Init
    main.o(i.LED_Config) refers to stm32f10x_rcc.o(i.RCC_APB2PeriphClockCmd) for RCC_APB2PeriphClockCmd
    main.o(i.LED_Config) refers to stm32f10x_gpio.o(i.GPIO_Init) for GPIO_Init
    main.o(i.Task_Blink) refers to tasks.o(i.vTaskDelay) for vTaskDelay
    main.o(i.Task_Coi) refers to queue.o(i.xQueueSemaphoreTake) for xQueueSemaphoreTake
    main.o(i.Task_Coi) refers to tasks.o(i.vTaskDelay) for vTaskDelay
    main.o(i.Task_Coi) refers to stm32f10x_gpio.o(i.GPIO_ReadInputDataBit) for GPIO_ReadInputDataBit
    main.o(i.Task_Coi) refers to stm32f10x_gpio.o(i.GPIO_ResetBits) for GPIO_ResetBits
    main.o(i.Task_Coi) refers to stm32f10x_gpio.o(i.GPIO_SetBits) for GPIO_SetBits
    main.o(i.Task_Coi) refers to interrupt.o(.data) for xSemaphore
    main.o(i.main) refers to uart.o(i.Uart_init) for Uart_init
    main.o(i.main) refers to main.o(i.LED_Config) for LED_Config
    main.o(i.main) refers to main.o(i.Button_Config) for Button_Config
    main.o(i.main) refers to main.o(i.Coi_Config) for Coi_Config
    main.o(i.main) refers to queue.o(i.xQueueGenericCreate) for xQueueGenericCreate
    main.o(i.main) refers to interrupt.o(i.Interrupt_Config) for Interrupt_Config
    main.o(i.main) refers to tasks.o(i.xTaskCreate) for xTaskCreate
    main.o(i.main) refers to stm32f10x_gpio.o(i.GPIO_SetBits) for GPIO_SetBits
    main.o(i.main) refers to tasks.o(i.vTaskStartScheduler) for vTaskStartScheduler
    main.o(i.main) refers to interrupt.o(.data) for xSemaphore
    main.o(i.main) refers to main.o(i.Task_Blink) for Task_Blink
    main.o(i.main) refers to main.o(i.Task_Coi) for Task_Coi
    interrupt.o(i.EXTI0_IRQHandler) refers to stm32f10x_exti.o(i.EXTI_GetITStatus) for EXTI_GetITStatus
    interrupt.o(i.EXTI0_IRQHandler) refers to queue.o(i.xQueueGiveFromISR) for xQueueGiveFromISR
    interrupt.o(i.EXTI0_IRQHandler) refers to stm32f10x_exti.o(i.EXTI_ClearITPendingBit) for EXTI_ClearITPendingBit
    interrupt.o(i.EXTI0_IRQHandler) refers to interrupt.o(.data) for xSemaphore
    interrupt.o(i.Interrupt_Config) refers to stm32f10x_rcc.o(i.RCC_APB2PeriphClockCmd) for RCC_APB2PeriphClockCmd
    interrupt.o(i.Interrupt_Config) refers to misc.o(i.NVIC_PriorityGroupConfig) for NVIC_PriorityGroupConfig
    interrupt.o(i.Interrupt_Config) refers to misc.o(i.NVIC_Init) for NVIC_Init
    interrupt.o(i.Interrupt_Config) refers to stm32f10x_gpio.o(i.GPIO_EXTILineConfig) for GPIO_EXTILineConfig
    interrupt.o(i.Interrupt_Config) refers to stm32f10x_exti.o(i.EXTI_Init) for EXTI_Init
    uart.o(i.UARTx_Getc) refers to stm32f10x_usart.o(i.USART_ReceiveData) for USART_ReceiveData
    uart.o(i.USART1_IRQHandler) refers to _printf_percent.o(.ARM.Collect$$_printf_percent$$00000000) for _printf_percent
    uart.o(i.USART1_IRQHandler) refers to _printf_s.o(.ARM.Collect$$_printf_percent$$00000014) for _printf_s
    uart.o(i.USART1_IRQHandler) refers to _printf_str.o(.text) for _printf_str
    uart.o(i.USART1_IRQHandler) refers to stm32f10x_usart.o(i.USART_GetITStatus) for USART_GetITStatus
    uart.o(i.USART1_IRQHandler) refers to uart.o(i.UARTx_Getc) for UARTx_Getc
    uart.o(i.USART1_IRQHandler) refers to noretval__2printf.o(.text) for __2printf
    uart.o(i.USART1_IRQHandler) refers to stm32f10x_usart.o(i.USART_ClearITPendingBit) for USART_ClearITPendingBit
    uart.o(i.USART1_IRQHandler) refers to uart.o(.data) for vrc_Getc
    uart.o(i.USART1_IRQHandler) refers to uart.o(.bss) for vrc_Res
    uart.o(i.Uart_init) refers to stm32f10x_usart.o(i.USART_ITConfig) for USART_ITConfig
    uart.o(i.Uart_init) refers to stm32f10x_usart.o(i.USART_Cmd) for USART_Cmd
    uart.o(i.fputc) refers to uart.o(i.uart_SendChar) for uart_SendChar
    uart.o(i.uart_SendChar) refers to stm32f10x_usart.o(i.USART_SendData) for USART_SendData
    uart.o(i.uart_SendChar) refers to stm32f10x_usart.o(i.USART_GetFlagStatus) for USART_GetFlagStatus
    uart.o(i.uart_SendStr) refers to uart.o(i.uart_SendChar) for uart_SendChar
    clib_arm.o(i.__user_perthread_libspace) refers to clib_arm.o(i.os_kernel_is_active) for os_kernel_is_active
    clib_arm.o(i.__user_perthread_libspace) refers to tasks.o(i.xTaskGetCurrentTaskHandle) for xTaskGetCurrentTaskHandle
    clib_arm.o(i.__user_perthread_libspace) refers to clib_arm.o(.bss) for os_libspace
    clib_arm.o(i._mutex_acquire) refers to clib_arm.o(i.os_kernel_is_active) for os_kernel_is_active
[...]
    C:\Users\admin\AppData\Local\Arm\Packs\ARM\CMSIS-FreeRTOS\10.3.1\CMSIS\RTOS2\FreeRTOS\Source\os_systick.c 0x00000000   Number         0  os_systick.o ABSOLUTE
    C:\Users\admin\AppData\Local\Arm\Packs\ARM\CMSIS-FreeRTOS\10.3.1\Source\event_groups.c 0x00000000   Number         0  event_groups.o ABSOLUTE
    C:\Users\admin\AppData\Local\Arm\Packs\ARM\CMSIS-FreeRTOS\10.3.1\Source\list.c 0x00000000   Number         0  list.o ABSOLUTE
    C:\Users\admin\AppData\Local\Arm\Packs\ARM\CMSIS-FreeRTOS\10.3.1\Source\portable\MemMang\heap_4.c 0x00000000   Number         0  heap_4.o ABSOLUTE
    C:\Users\admin\AppData\Local\Arm\Packs\ARM\CMSIS-FreeRTOS\10.3.1\Source\portable\RVDS\ARM_CM3\port.c 0x00000000   Number         0  port.o ABSOLUTE
    C:\Users\admin\AppData\Local\Arm\Packs\ARM\CMSIS-FreeRTOS\10.3.1\Source\queue.c 0x00000000   Number         0  queue.o ABSOLUTE
    C:\Users\admin\AppData\Local\Arm\Packs\ARM\CMSIS-FreeRTOS\10.3.1\Source\tasks.c 0x00000000   Number         0  tasks.o ABSOLUTE
    C:\Users\admin\AppData\Local\Arm\Packs\ARM\CMSIS-FreeRTOS\10.3.1\Source\timers.c 0x00000000   Number         0  timers.o ABSOLUTE
    C:\Users\admin\AppData\Local\Arm\Packs\Keil\STM32F1xx_DFP\2.4.1\Device\StdPeriph_Driver\src\misc.c 0x00000000   Number         0  misc.o ABSOLUTE
    C:\Users\admin\AppData\Local\Arm\Packs\Keil\STM32F1xx_DFP\2.4.1\Device\StdPeriph_Driver\src\stm32f10x_exti.c 0x00000000   Number         0  stm32f10x_exti.o ABSOLUTE
    C:\Users\admin\AppData\Local\Arm\Packs\Keil\STM32F1xx_DFP\2.4.1\Device\StdPeriph_Driver\src\stm32f10x_gpio.c 0x00000000   Number         0  stm32f10x_gpio.o ABSOLUTE
    C:\Users\admin\AppData\Local\Arm\Packs\Keil\STM32F1xx_DFP\2.4.1\Device\StdPeriph_Driver\src\stm32f10x_rcc.c 0x00000000   Number         0  stm32f10x_rcc.o ABSOLUTE
    C:\Users\admin\AppData\Local\Arm\Packs\Keil\STM32F1xx_DFP\2.4.1\Device\StdPeriph_Driver\src\stm32f10x_usart.c 0x00000000   Number         0  stm32f10x_usart.o ABSOLUTE
    C:\\Users\\admin\\AppData\\Local\\Arm\\Packs\\ARM\\CMSIS-FreeRTOS\\10.3.1\\CMSIS\\RTOS2\\FreeRTOS\\Source\\ARM\\clib_arm.c 0x00000000   Number         0  clib_arm.o ABSOLUTE
    C:\\Users\\admin\\AppData\\Local\\Arm\\Packs\\ARM\\CMSIS-FreeRTOS\\10.3.1\\CMSIS\\RTOS2\\FreeRTOS\\Source\\cmsis_os2.c 0x00000000   Number         0  cmsis_os2.o ABSOLUTE
    C:\\Users\\admin\\AppData\\Local\\Arm\\Packs\\ARM\\CMSIS-FreeRTOS\\10.3.1\\CMSIS\\RTOS2\\FreeRTOS\\Source\\freertos_evr.c 0x00000000   Number         0  freertos_evr.o ABSOLUTE
    C:\\Users\\admin\\AppData\\Local\\Arm\\Packs\\ARM\\CMSIS-FreeRTOS\\10.3.1\\CMSIS\\RTOS2\\FreeRTOS\\Source\\os_systick.c 0x00000000   Number         0  os_systick.o ABSOLUTE
    C:\\Users\\admin\\AppData\\Local\\Arm\\Packs\\ARM\\CMSIS-FreeRTOS\\10.3.1\\Source\\event_groups.c 0x00000000   Number         0  event_groups.o ABSOLUTE
    C:\\Users\\admin\\AppData\\Local\\Arm\\Packs\\ARM\\CMSIS-FreeRTOS\\10.3.1\\Source\\list.c 0x00000000   Number         0  list.o ABSOLUTE
    C:\\Users\\admin\\AppData\\Local\\Arm\\Packs\\ARM\\CMSIS-FreeRTOS\\10.3.1\\Source\\portable\\MemMang\\heap_4.c 0x00000000   Number         0  heap_4.o ABSOLUTE
    C:\\Users\\admin\\AppData\\Local\\Arm\\Packs\\ARM\\CMSIS-FreeRTOS\\10.3.1\\Source\\portable\\RVDS\\ARM_CM3\\port.c 0x00000000   Number         0  port.o ABSOLUTE
    C:\\Users\\admin\\AppData\\Local\\Arm\\Packs\\ARM\\CMSIS-FreeRTOS\\10.3.1\\Source\\queue.c 0x00000000   Number         0  queue.o ABSOLUTE
    C:\\Users\\admin\\AppData\\Local\\Arm\\Packs\\ARM\\CMSIS-FreeRTOS\\10.3.1\\Source\\tasks.c 0x00000000   Number         0  tasks.o ABSOLUTE
    C:\\Users\\admin\\AppData\\Local\\Arm\\Packs\\ARM\\CMSIS-FreeRTOS\\10.3.1\\Source\\timers.c 0x00000000   Number         0  timers.o ABSOLUTE
    C:\\Users\\admin\\AppData\\Local\\Arm\\Packs\\Keil\\STM32F1xx_DFP\\2.4.1\\Device\\StdPeriph_Driver\\src\\misc.c 0x00000000   Number         0  misc.o ABSOLUTE
    C:\\Users\\admin\\AppData\\Local\\Arm\\Packs\\Keil\\STM32F1xx_DFP\\2.4.1\\Device\\StdPeriph_Driver\\src\\stm32f10x_exti.c 0x00000000   Number         0  stm32f10x_exti.o ABSOLUTE
    C:\\Users\\admin\\AppData\\Local\\Arm\\Packs\\Keil\\STM32F1xx_DFP\\2.4.1\\Device\\StdPeriph_Driver\\src\\stm32f10x_gpio.c 0x00000000   Number         0  stm32f10x_gpio.o ABSOLUTE
    C:\\Users\\admin\\AppData\\Local\\Arm\\Packs\\Keil\\STM32F1xx_DFP\\2.4.1\\Device\\StdPeriph_Driver\\src\\stm32f10x_rcc.c 0x00000000   Number         0  stm32f10x_rcc.o ABSOLUTE
    C:\\Users\\admin\\AppData\\Local\\Arm\\Packs\\Keil\\STM32F1xx_DFP\\2.4.1\\Device\\StdPeriph_Driver\\src\\stm32f10x_usart.c 0x00000000   Number         0  stm32f10x_usart.o ABSOLUTE
    RTE\Device\STM32F103C8\startup_stm32f10x_md.s 0x00000000   Number         0  startup_stm32f10x_md.o ABSOLUTE
    RTE\Device\STM32F103C8\system_stm32f10x.c 0x00000000   Number         0  system_stm32f10x.o ABSOLUTE
    RTE\\Device\\STM32F103C8\\system_stm32f10x.c 0x00000000   Number         0  system_stm32f10x.o ABSOLUTE
    dc.s                                     0x00000000   Number         0  dc.o ABSOLUTE
    RESET                                    0x08000000   Section      236  startup_stm32f10x_md.o(RESET)
    !!!main                                  0x080000ec   Section        8  __main.o(!!!main)
    !!!scatter                               0x080000f4   Section       52  __scatter.o(!!!scatter)
    !!handler_copy                           0x08000128   Section       26  __scatter_copy.o(!!handler_copy)
    !!handler_zi                             0x08000144   Section       28  __scatter_zi.o(!!handler_zi)
    .ARM.Collect$$_printf_percent$$00000000  0x08000160   Section        0  _printf_percent.o(.ARM.Collect$$_printf_percent$$00000000)
    .ARM.Collect$$_printf_percent$$00000014  0x08000160   Section        6  _printf_s.o(.ARM.Collect$$_printf_percent$$00000014)
    .ARM.Collect$$_printf_percent$$00000017  0x08000166   Section        4  _printf_percent_end.o(.ARM.Collect$$_printf_percent$$00000017)
    .ARM.Collect$$libinit$$00000000          0x0800016a   Section        2  libinit.o(.ARM.Collect$$libinit$$00000000)
    .ARM.Collect$$libinit$$00000002          0x0800016c   Section        0  libinit2.o(.ARM.Collect$$libinit$$00000002)
    .ARM.Collect$$libinit$$00000004          0x0800016c   Section        0  libinit2.o(.ARM.Collect$$libinit$$00000004)
    .ARM.Collect$$libinit$$0000000A          0x0800016c   Section        0  libinit2.o(.ARM.Collect$$libinit$$0000000A)
    .ARM.Collect$$libinit$$0000000C          0x0800016c   Section        0  libinit2.o(.ARM.Collect$$libinit$$0000000C)
    .ARM.Collect$$libinit$$0000000E          0x0800016c   Section        0  libinit2.o(.ARM.Collect$$libinit$$0000000E)
    .ARM.Collect$$libinit$$00000011          0x0800016c   Section        0  libinit2.o(.ARM.Collect$$libinit$$00000011)
    .ARM.Collect$$libinit$$00000013          0x0800016c   Section        0  libinit2.o(.ARM.Collect$$libinit$$00000013)
    .ARM.Collect$$libinit$$00000015          0x0800016c   Section        0  libinit2.o(.ARM.Collect$$libinit$$00000015)
    .ARM.Collect$$libinit$$00000017          0x0800016c   Section        0  libinit2.o(.ARM.Collect$$libinit$$00000017)
    .ARM.Collect$$libinit$$00000019          0x0800016c   Section        0  libinit2.o(.ARM.Collect$$libinit$$00000019)
    .ARM.Collect$$libinit$$0000001B          0x0800016c   Section        0  libinit2.o(.ARM.Collect$$libinit$$0000001B)
    .ARM.Collect$$libinit$$0000001D          0x0800016c   Section        0  libinit2.o(.ARM.Collect$$libinit$$0000001D)
    .ARM.Collect$$libinit$$0000001F          0x0800016c   Section        0  libinit2.o(.ARM.Collect$$libinit$$0000001F)
    .ARM.Collect$$libinit$$00000021          0x0800016c   Section        0  libinit2.o(.ARM.Collect$$libinit$$00000021)
    .ARM.Collect$$libinit$$00000023          0x0800016c   Section        0  libinit2.o(.ARM.Collect$$libinit$$00000023)
    .ARM.Collect$$libinit$$00000025          0x0800016c   Section        0  libinit2.o(.ARM.Collect$$libinit$$00000025)
    .ARM.Collect$$libinit$$0000002C          0x0800016c   Section        0  libinit2.o(.ARM.Collect$$libinit$$0000002C)
    .ARM.Collect$$libinit$$0000002E          0x0800016c   Section        0  libinit2.o(.ARM.Collect$$libinit$$0000002E)
    .ARM.Collect$$libinit$$00000030          0x0800016c   Section        0  libinit2.o(.ARM.Collect$$libinit$$00000030)
    .ARM.Collect$$libinit$$00000032          0x0800016c   Section        0  libinit2.o(.ARM.Collect$$libinit$$00000032)
    .ARM.Collect$$libinit$$00000033          0x0800016c   Section        2  libinit2.o(.ARM.Collect$$libinit$$00000033)
    .ARM.Collect$$libshutdown$$00000000      0x0800016e   Section        2  libshutdown.o(.ARM.Collect$$libshutdown$$00000000)
    .ARM.Collect$$libshutdown$$00000002      0x08000170   Section        0  libshutdown2.o(.ARM.Collect$$libshutdown$$00000002)
    .ARM.Collect$$libshutdown$$00000004      0x08000170   Section        0  libshutdown2.o(.ARM.Collect$$libshutdown$$00000004)
    .ARM.Collect$$libshutdown$$00000007      0x08000170   Section        0  libshutdown2.o(.ARM.Collect$$libshutdown$$00000007)
    .ARM.Collect$$libshutdown$$0000000A      0x08000170   Section        0  libshutdown2.o(.ARM.Collect$$libshutdown$$0000000A)
    .ARM.Collect$$libshutdown$$0000000C      0x08000170   Section        0  libshutdown2.o(.ARM.Collect$$libshutdown$$0000000C)
    .ARM.Collect$$libshutdown$$0000000F      0x08000170   Section        0  libshutdown2.o(.ARM.Collect$$libshutdown$$0000000F)
    .ARM.Collect$$libshutdown$$00000010      0x08000170   Section        2  libshutdown2.o(.ARM.Collect$$libshutdown$$00000010)
    .ARM.Collect$$rtentry$$00000000          0x08000172   Section        0  __rtentry.o(.ARM.Collect$$rtentry$$00000000)
    .ARM.Collect$$rtentry$$00000002          0x08000172   Section        0  __rtentry2.o(.ARM.Collect$$rtentry$$00000002)
    .ARM.Collect$$rtentry$$00000004          0x08000172   Section        6  __rtentry4.o(.ARM.Collect$$rtentry$$00000004)
    .ARM.Collect$$rtentry$$00000008          0x08000178   Section        8  __rtentry2.o(.ARM.Collect$$rtentry$$00000008)
    .ARM.Collect$$rtentry$$0000000A          0x08000180   Section        4  __rtentry2.o(.ARM.Collect$$rtentry$$0000000A)
    .ARM.Collect$$rtentry$$0000000C          0x08000184   Section        0  __rtentry2.o(.ARM.Collect$$rtentry$$0000000C)
    .ARM.Collect$$rtentry$$0000000D          0x08000184   Section        8  __rtentry2.o(.ARM.Collect$$rtentry$$0000000D)
    .ARM.Collect$$rtexit$$00000000           0x0800018c   Section        2  rtexit.o(.ARM.Collect$$rtexit$$00000000)
    .ARM.Collect$$rtexit$$00000002           0x0800018e   Section        0  rtexit2.o(.ARM.Collect$$rtexit$$00000002)
    .ARM.Collect$$rtexit$$00000003           0x0800018e   Section        4  rtexit2.o(.ARM.Collect$$rtexit$$00000003)
    .ARM.Collect$$rtexit$$00000004           0x08000192   Section        6  rtexit2.o(.ARM.Collect$$rtexit$$00000004)
    .emb_text                                0x08000198   Section      150  port.o(.emb_text)
    .text                                    0x08000230   Section       64  startup_stm32f10x_md.o(.text)
    .text                                    0x08000270   Section        0  noretval__2printf.o(.text)
    .text                                    0x08000288   Section        0  __printf.o(.text)
    .text                                    0x080002f0   Section        0  _printf_str.o(.text)
    .text                                    0x08000342   Section      138  rt_memcpy_v6.o(.text)
    .text                                    0x080003cc   Section       16  aeabi_memset.o(.text)
    .text                                    0x080003dc   Section        0  heapauxi.o(.text)
    .text                                    0x080003e2   Section        0  _printf_char.o(.text)
    .text                                    0x08000410   Section        0  _printf_char_file.o(.text)
    .text                                    0x08000434   Section      100  rt_memcpy_w.o(.text)
    .text                                    0x08000498   Section       68  rt_memclr.o(.text)
    .text                                    0x080004dc   Section        0  _printf_char_common.o(.text)
    _printf_input_char                       0x080004dd   Thumb Code    10  _printf_char_common.o(.text)
    .text                                    0x0800050c   Section        0  ferror_locked.o(.text)
    .text                                    0x0800052a   Section       78  rt_memclr_w.o(.text)
    .text                                    0x08000578   Section       74  sys_stackheap_outer.o(.text)
    .text                                    0x080005c2   Section        0  exit.o(.text)
    .text                                    0x080005d4   Section        8  libspace.o(.text)
    .text                                    0x080005dc   Section        0  sys_exit.o(.text)
    .text                                    0x080005e8   Section        2  use_no_semi.o(.text)
    .text                                    0x080005ea   Section        0  indicate_semi.o(.text)
    i.Button_Config                          0x080005ec   Section        0  main.o(i.Button_Config)
    i.Coi_Config                             0x08000610   Section        0  main.o(i.Coi_Config)
    i.EXTI0_IRQHandler                       0x0800063c   Section        0  interrupt.o(i.EXTI0_IRQHandler)
    i.EXTI_ClearITPendingBit                 0x08000678   Section        0  stm32f10x_exti.o(i.EXTI_ClearITPendingBit)
    i.EXTI_GetITStatus                       0x08000684   Section        0  stm32f10x_exti.o(i.EXTI_GetITStatus)
    i.EXTI_Init                              0x080006ac   Section        0  stm32f10x_exti.o(i.EXTI_Init)
    i.GPIO_EXTILineConfig                    0x08000740   Section        0  stm32f10x_gpio.o(i.GPIO_EXTILineConfig)
    i.GPIO_Init                              0x08000780   Section        0  stm32f10x_gpio.o(i.GPIO_Init)
    i.GPIO_ReadInputDataBit                  0x08000896   Section        0  stm32f10x_gpio.o(i.GPIO_ReadInputDataBit)
    i.GPIO_ResetBits                         0x080008a8   Section        0  stm32f10x_gpio.o(i.GPIO_ResetBits)
    i.GPIO_SetBits                           0x080008ac   Section        0  stm32f10x_gpio.o(i.GPIO_SetBits)
    i.Interrupt_Config                       0x080008b0   Section        0  interrupt.o(i.Interrupt_Config)
    i.LED_Config                             0x08000904   Section        0  main.o(i.LED_Config)
    i.NVIC_Init                              0x08000930   Section        0  misc.o(i.NVIC_Init)
    i.NVIC_PriorityGroupConfig               0x080009a0   Section        0  misc.o(i.NVIC_PriorityGroupConfig)
    i.RCC_APB2PeriphClockCmd                 0x080009b4   Section        0  stm32f10x_rcc.o(i.RCC_APB2PeriphClockCmd)
    i.SetSysClock                            0x080009d4   Section        0  system_stm32f10x.o(i.SetSysClock)
    SetSysClock                              0x080009d5   Thumb Code     8  system_stm32f10x.o(i.SetSysClock)
    i.SetSysClockTo72                        0x080009dc   Section        0  system_stm32f10x.o(i.SetSysClockTo72)
    SetSysClockTo72                          0x080009dd   Thumb Code   214  system_stm32f10x.o(i.SetSysClockTo72)
    i.SysTick_Handler                        0x08000abc   Section        0  cmsis_os2.o(i.SysTick_Handler)
    i.SystemInit                             0x08000ad4   Section        0  system_stm32f10x.o(i.SystemInit)
    i.Task_Blink                             0x08000b34   Section        0  main.o(i.Task_Blink)
    i.Task_Coi                               0x08000b50   Section        0  main.o(i.Task_Coi)
    i.UARTx_Getc                             0x08000b98   Section        0  uart.o(i.UARTx_Getc)
    i.USART1_IRQHandler                      0x08000ba4   Section        0  uart.o(i.USART1_IRQHandler)
    i.USART_ClearITPendingBit                0x08000c34   Section        0  stm32f10x_usart.o(i.USART_ClearITPendingBit)
    i.USART_Cmd                              0x08000c52   Section        0  stm32f10x_usart.o(i.USART_Cmd)
    i.USART_GetFlagStatus                    0x08000c6a   Section        0  stm32f10x_usart.o(i.USART_GetFlagStatus)
    i.USART_GetITStatus                      0x08000c84   Section        0  stm32f10x_usart.o(i.USART_GetITStatus)
    i.USART_ITConfig                         0x08000cd8   Section        0  stm32f10x_usart.o(i.USART_ITConfig)
    i.USART_ReceiveData                      0x08000d22   Section        0  stm32f10x_usart.o(i.USART_ReceiveData)
    i.USART_SendData                         0x08000d2c   Section        0  stm32f10x_usart.o(i.USART_SendData)
    i.Uart_init                              0x08000d34   Section        0  uart.o(i.Uart_init)
    i._mutex_acquire                         0x08000db4   Section        0  clib_arm.o(i._mutex_acquire)
    __tagsym$$used                           0x08000db5   Number         0  clib_arm.o(i._mutex_acquire)
    i._mutex_free                            0x08000dcc   Section        0  clib_arm.o(i._mutex_free)
    __tagsym$$used                           0x08000dcd   Number         0  clib_arm.o(i._mutex_free)
    i._mutex_initialize                      0x08000e00   Section        0  clib_arm.o(i._mutex_initialize)
    __tagsym$$used                           0x08000e01   Number         0  clib_arm.o(i._mutex_initialize)
    i._mutex_release                         0x08000e60   Section        0  clib_arm.o(i._mutex_release)
    __tagsym$$used                           0x08000e61   Number         0  clib_arm.o(i._mutex_release)
    i._platform_post_stackheap_init          0x08000e78   Section        0  clib_arm.o(i._platform_post_stackheap_init)
    i.fputc                                  0x08000e7a   Section        0  uart.o(i.fputc)
    i.main                                   0x08000e8c   Section        0  main.o(i.main)
    i.os_kernel_is_active                    0x08000f0c   Section        0  clib_arm.o(i.os_kernel_is_active)
    os_kernel_is_active                      0x08000f0d   Thumb Code    32  clib_arm.o(i.os_kernel_is_active)
    i.prvAddCurrentTaskToDelayedList         0x08000f30   Section        0  tasks.o(i.prvAddCurrentTaskToDelayedList)
    prvAddCurrentTaskToDelayedList           0x08000f31   Thumb Code   100  tasks.o(i.prvAddCurrentTaskToDelayedList)
    i.prvAddNewTaskToReadyList               0x08000fac   Section        0  tasks.o(i.prvAddNewTaskToReadyList)
    prvAddNewTaskToReadyList                 0x08000fad   Thumb Code   154  tasks.o(i.prvAddNewTaskToReadyList)
    i.prvCheckForValidListAndQueue           0x08001064   Section        0  timers.o(i.prvCheckForValidListAndQueue)
    prvCheckForValidListAndQueue             0x08001065   Thumb Code    62  timers.o(i.prvCheckForValidListAndQueue)
    i.prvCheckTasksWaitingTermination        0x080010c0   Section        0  tasks.o(i.prvCheckTasksWaitingTermination)
    prvCheckTasksWaitingTermination          0x080010c1   Thumb Code    60  tasks.o(i.prvCheckTasksWaitingTermination)
    i.prvCopyDataFromQueue                   0x08001108   Section        0  queue.o(i.prvCopyDataFromQueue)
    prvCopyDataFromQueue                     0x08001109   Thumb Code    42  queue.o(i.prvCopyDataFromQueue)
    i.prvCopyDataToQueue                     0x08001132   Section        0  queue.o(i.prvCopyDataToQueue)
    prvCopyDataToQueue                       0x08001133   Thumb Code   126  queue.o(i.prvCopyDataToQueue)
    i.prvDeleteTCB                           0x080011b0   Section        0  tasks.o(i.prvDeleteTCB)
    prvDeleteTCB                             0x080011b1   Thumb Code    40  tasks.o(i.prvDeleteTCB)
    i.prvGetDisinheritPriorityAfterTimeout   0x080011d8   Section        0  queue.o(i.prvGetDisinheritPriorityAfterTimeout)
    prvGetDisinheritPriorityAfterTimeout     0x080011d9   Thumb Code    20  queue.o(i.prvGetDisinheritPriorityAfterTimeout)
    i.prvGetNextExpireTime                   0x080011ec   Section        0  timers.o(i.prvGetNextExpireTime)
    prvGetNextExpireTime                     0x080011ed   Thumb Code    36  timers.o(i.prvGetNextExpireTime)
    i.prvHeapInit                            0x08001214   Section        0  heap_4.o(i.prvHeapInit)
    prvHeapInit                              0x08001215   Thumb Code    98  heap_4.o(i.prvHeapInit)
    i.prvIdleTask                            0x08001290   Section        0  tasks.o(i.prvIdleTask)
    prvIdleTask                              0x08001291   Thumb Code    32  tasks.o(i.prvIdleTask)
    i.prvInitialiseMutex                     0x080012b8   Section        0  queue.o(i.prvInitialiseMutex)
    prvInitialiseMutex                       0x080012b9   Thumb Code    30  queue.o(i.prvInitialiseMutex)
    i.prvInitialiseNewQueue                  0x080012d6   Section        0  queue.o(i.prvInitialiseNewQueue)
    prvInitialiseNewQueue                    0x080012d7   Thumb Code    42  queue.o(i.prvInitialiseNewQueue)
    i.prvInitialiseNewTask                   0x08001300   Section        0  tasks.o(i.prvInitialiseNewTask)
    prvInitialiseNewTask                     0x08001301   Thumb Code   154  tasks.o(i.prvInitialiseNewTask)
    i.prvInitialiseTaskLists                 0x0800139c   Section        0  tasks.o(i.prvInitialiseTaskLists)
    prvInitialiseTaskLists                   0x0800139d   Thumb Code    70  tasks.o(i.prvInitialiseTaskLists)
    i.prvInsertBlockIntoFreeList             0x08001404   Section        0  heap_4.o(i.prvInsertBlockIntoFreeList)
    prvInsertBlockIntoFreeList               0x08001405   Thumb Code    96  heap_4.o(i.prvInsertBlockIntoFreeList)
    i.prvInsertTimerInActiveList             0x0800146c   Section        0  timers.o(i.prvInsertTimerInActiveList)
    prvInsertTimerInActiveList               0x0800146d   Thumb Code    80  timers.o(i.prvInsertTimerInActiveList)
    i.prvIsQueueEmpty                        0x080014c4   Section        0  queue.o(i.prvIsQueueEmpty)
    prvIsQueueEmpty                          0x080014c5   Thumb Code    26  queue.o(i.prvIsQueueEmpty)
    i.prvIsQueueFull                         0x080014de   Section        0  queue.o(i.prvIsQueueFull)
    prvIsQueueFull                           0x080014df   Thumb Code    30  queue.o(i.prvIsQueueFull)
    i.prvProcessExpiredTimer                 0x080014fc   Section        0  timers.o(i.prvProcessExpiredTimer)
    prvProcessExpiredTimer                   0x080014fd   Thumb Code    86  timers.o(i.prvProcessExpiredTimer)
    i.prvProcessReceivedCommands             0x08001558   Section        0  timers.o(i.prvProcessReceivedCommands)
    prvProcessReceivedCommands               0x08001559   Thumb Code   264  timers.o(i.prvProcessReceivedCommands)
    i.prvProcessTimerOrBlockTask             0x08001664   Section        0  timers.o(i.prvProcessTimerOrBlockTask)
    prvProcessTimerOrBlockTask               0x08001665   Thumb Code   102  timers.o(i.prvProcessTimerOrBlockTask)
    i.prvResetNextTaskUnblockTime            0x080016d8   Section        0  tasks.o(i.prvResetNextTaskUnblockTime)
    prvResetNextTaskUnblockTime              0x080016d9   Thumb Code    42  tasks.o(i.prvResetNextTaskUnblockTime)
    i.prvSampleTimeNow                       0x0800170c   Section        0  timers.o(i.prvSampleTimeNow)
    prvSampleTimeNow                         0x0800170d   Thumb Code    40  timers.o(i.prvSampleTimeNow)
    i.prvSwitchTimerLists                    0x08001738   Section        0  timers.o(i.prvSwitchTimerLists)
    prvSwitchTimerLists                      0x08001739   Thumb Code   126  timers.o(i.prvSwitchTimerLists)
    i.prvTaskExitError                       0x080017c0   Section        0  port.o(i.prvTaskExitError)
    prvTaskExitError                         0x080017c1   Thumb Code    22  port.o(i.prvTaskExitError)
    i.prvTimerTask                           0x080017d6   Section        0  timers.o(i.prvTimerTask)
    prvTimerTask                             0x080017d7   Thumb Code    26  timers.o(i.prvTimerTask)
    i.prvUnlockQueue                         0x080017f0   Section        0  queue.o(i.prvUnlockQueue)
    prvUnlockQueue                           0x080017f1   Thumb Code   126  queue.o(i.prvUnlockQueue)
    i.pvPortMalloc                           0x08001870   Section        0  heap_4.o(i.pvPortMalloc)
    i.pvTaskIncrementMutexHeldCount          0x08001950   Section        0  tasks.o(i.pvTaskIncrementMutexHeldCount)
    i.pxPortInitialiseStack                  0x08001970   Section        0  port.o(i.pxPortInitialiseStack)
    i.uart_SendChar                          0x08001994   Section        0  uart.o(i.uart_SendChar)
    i.uxListRemove                           0x080019b4   Section        0  list.o(i.uxListRemove)
    i.vApplicationGetIdleTaskMemory          0x080019dc   Section        0  cmsis_os2.o(i.vApplicationGetIdleTaskMemory)
    i.vApplicationGetTimerTaskMemory         0x080019f4   Section        0  cmsis_os2.o(i.vApplicationGetTimerTaskMemory)
    i.vApplicationStackOverflowHook          0x08001a0c   Section        0  cmsis_os2.o(i.vApplicationStackOverflowHook)
    i.vListInitialise                        0x08001a0e   Section        0  list.o(i.vListInitialise)
    i.vListInitialiseItem                    0x08001a28   Section        0  list.o(i.vListInitialiseItem)
    i.vListInsert                            0x08001a2e   Section        0  list.o(i.vListInsert)
    i.vListInsertEnd                         0x08001a62   Section        0  list.o(i.vListInsertEnd)
    i.vPortEnterCritical                     0x08001a7c   Section        0  port.o(i.vPortEnterCritical)
    i.vPortExitCritical                      0x08001aa0   Section        0  port.o(i.vPortExitCritical)
    i.vPortFree                              0x08001ac0   Section        0  heap_4.o(i.vPortFree)
    i.vPortSetupTimerInterrupt               0x08001b18   Section        0  port.o(i.vPortSetupTimerInterrupt)
    i.vQueueDelete                           0x08001b40   Section        0  queue.o(i.vQueueDelete)
    i.vQueueWaitForMessageRestricted         0x08001b54   Section        0  queue.o(i.vQueueWaitForMessageRestricted)
    i.vTaskDelay                             0x08001ba0   Section        0  tasks.o(i.vTaskDelay)
    i.vTaskInternalSetTimeOutState           0x08001bd4   Section        0  tasks.o(i.vTaskInternalSetTimeOutState)
    i.vTaskMissedYield                       0x08001bec   Section        0  tasks.o(i.vTaskMissedYield)
    i.vTaskPlaceOnEventList                  0x08001bf8   Section        0  tasks.o(i.vTaskPlaceOnEventList)
    i.vTaskPlaceOnEventListRestricted        0x08001c18   Section        0  tasks.o(i.vTaskPlaceOnEventListRestricted)
    i.vTaskPriorityDisinheritAfterTimeout    0x08001c40   Section        0  tasks.o(i.vTaskPriorityDisinheritAfterTimeout)
    i.vTaskStartScheduler                    0x08001ccc   Section        0  tasks.o(i.vTaskStartScheduler)
    i.vTaskSuspendAll                        0x08001d60   Section        0  tasks.o(i.vTaskSuspendAll)
    i.vTaskSwitchContext                     0x08001d70   Section        0  tasks.o(i.vTaskSwitchContext)
    i.xPortStartScheduler                    0x08001e20   Section        0  port.o(i.xPortStartScheduler)
    i.xPortSysTickHandler                    0x08001e54   Section        0  port.o(i.xPortSysTickHandler)
    i.xQueueCreateMutex                      0x08001e88   Section        0  queue.o(i.xQueueCreateMutex)
    i.xQueueCreateMutexStatic                0x08001eaa   Section        0  queue.o(i.xQueueCreateMutexStatic)
    i.xQueueGenericCreate                    0x08001ed4   Section        0  queue.o(i.xQueueGenericCreate)
    i.xQueueGenericCreateStatic              0x08001f0e   Section        0  queue.o(i.xQueueGenericCreateStatic)
    i.xQueueGenericReset                     0x08001f3c   Section        0  queue.o(i.xQueueGenericReset)
    i.xQueueGenericSend                      0x08001fbc   Section        0  queue.o(i.xQueueGenericSend)
    i.xQueueGenericSendFromISR               0x080020d4   Section        0  queue.o(i.xQueueGenericSendFromISR)
    i.xQueueGiveFromISR                      0x0800215e   Section        0  queue.o(i.xQueueGiveFromISR)
    i.xQueueReceive                          0x080021d8   Section        0  queue.o(i.xQueueReceive)
    i.xQueueSemaphoreTake                    0x080022dc   Section        0  queue.o(i.xQueueSemaphoreTake)
    i.xTaskCheckForTimeOut                   0x0800240c   Section        0  tasks.o(i.xTaskCheckForTimeOut)
    i.xTaskCreate                            0x08002468   Section        0  tasks.o(i.xTaskCreate)
    i.xTaskCreateStatic                      0x080024cc   Section        0  tasks.o(i.xTaskCreateStatic)
    i.xTaskGetSchedulerState                 0x0800251c   Section        0  tasks.o(i.xTaskGetSchedulerState)
    i.xTaskGetTickCount                      0x0800253c   Section        0  tasks.o(i.xTaskGetTickCount)
    i.xTaskIncrementTick                     0x08002548   Section        0  tasks.o(i.xTaskIncrementTick)
    i.xTaskPriorityDisinherit                0x08002660   Section        0  tasks.o(i.xTaskPriorityDisinherit)
    i.xTaskPriorityInherit                   0x080026c0   Section        0  tasks.o(i.xTaskPriorityInherit)
    i.xTaskRemoveFromEventList               0x08002764   Section        0  tasks.o(i.xTaskRemoveFromEventList)
    i.xTaskResumeAll                         0x080027e4   Section        0  tasks.o(i.xTaskResumeAll)
    i.xTimerCreateTimerTask                  0x080028cc   Section        0  timers.o(i.xTimerCreateTimerTask)
    i.xTimerGenericCommand                   0x0800292c   Section        0  timers.o(i.xTimerGenericCommand)
    .data                                    0x20000000   Section        4  interrupt.o(.data)
    .data                                    0x20000004   Section       16  uart.o(.data)
    .data                                    0x20000014   Section        1  clib_arm.o(.data)
    os_kernel_active                         0x20000014   Data           1  clib_arm.o(.data)
    .data                                    0x20000018   Section       20  system_stm32f10x.o(.data)
    .data                                    0x2000002c   Section       32  heap_4.o(.data)
    xStart                                   0x2000002c   Data           8  heap_4.o(.data)
    pxEnd                                    0x20000034   Data           4  heap_4.o(.data)
    xFreeBytesRemaining                      0x20000038   Data           4  heap_4.o(.data)
    xMinimumEverFreeBytesRemaining           0x2000003c   Data           4  heap_4.o(.data)
    xNumberOfSuccessfulAllocations           0x20000040   Data           4  heap_4.o(.data)
    xNumberOfSuccessfulFrees                 0x20000044   Data           4  heap_4.o(.data)
    xBlockAllocatedBit                       0x20000048   Data           4  heap_4.o(.data)
    .data                                    0x2000004c   Section        4  port.o(.data)
    uxCriticalNesting                        0x2000004c   Data           4  port.o(.data)
    .data                                    0x20000050   Section       60  tasks.o(.data)
    pxDelayedTaskList                        0x20000054   Data           4  tasks.o(.data)
    pxOverflowDelayedTaskList                0x20000058   Data           4  tasks.o(.data)
    uxDeletedTasksWaitingCleanUp             0x2000005c   Data           4  tasks.o(.data)
    uxCurrentNumberOfTasks                   0x20000060   Data           4  tasks.o(.data)
    xTickCount                               0x20000064   Data           4  tasks.o(.data)
    uxTopReadyPriority                       0x20000068   Data           4  tasks.o(.data)
    xSchedulerRunning                        0x2000006c   Data           4  tasks.o(.data)
    xPendedTicks                             0x20000070   Data           4  tasks.o(.data)
    xYieldPending                            0x20000074   Data           4  tasks.o(.data)
    xNumOfOverflows                          0x20000078   Data           4  tasks.o(.data)
    uxTaskNumber                             0x2000007c   Data           4  tasks.o(.data)
    xNextTaskUnblockTime                     0x20000080   Data           4  tasks.o(.data)
    xIdleTaskHandle                          0x20000084   Data           4  tasks.o(.data)
    uxSchedulerSuspended                     0x20000088   Data           4  tasks.o(.data)
    .data                                    0x2000008c   Section       20  timers.o(.data)
    pxCurrentTimerList                       0x2000008c   Data           4  timers.o(.data)
    pxOverflowTimerList                      0x20000090   Data           4  timers.o(.data)
    xTimerQueue                              0x20000094   Data           4  timers.o(.data)
    xTimerTaskHandle                         0x20000098   Data           4  timers.o(.data)
    xLastTime                                0x2000009c   Data           4  timers.o(.data)
    .bss                                     0x200000a0   Section      100  uart.o(.bss)
    .bss                                     0x20000104   Section      916  clib_arm.o(.bss)
    os_libspace                              0x20000104   Data         480  clib_arm.o(.bss)
    os_libspace_id                           0x200002e4   Data          16  clib_arm.o(.bss)
    clib_mutex_cb                            0x200002f4   Data         400  clib_arm.o(.bss)
    clib_mutex_id                            0x20000484   Data          20  clib_arm.o(.bss)
    .bss                                     0x20000498   Section     1016  cmsis_os2.o(.bss)
    Idle_TCB                                 0x20000498   Data          92  cmsis_os2.o(.bss)
    Idle_Stack                               0x200004f4   Data         512  cmsis_os2.o(.bss)
    Timer_TCB                                0x200006f4   Data          92  cmsis_os2.o(.bss)
    Timer_Stack                              0x20000750   Data         320  cmsis_os2.o(.bss)
    .bss                                     0x20000890   Section     8192  heap_4.o(.bss)
    ucHeap                                   0x20000890   Data        8192  heap_4.o(.bss)
    .bss                                     0x20002890   Section     1220  tasks.o(.bss)
    pxReadyTasksLists                        0x20002890   Data        1120  tasks.o(.bss)
    xDelayedTaskList1                        0x20002cf0   Data          20  tasks.o(.bss)
    xDelayedTaskList2                        0x20002d04   Data          20  tasks.o(.bss)
    xPendingReadyList                        0x20002d18   Data          20  tasks.o(.bss)
    xTasksWaitingTermination                 0x20002d2c   Data          20  tasks.o(.bss)
    xSuspendedTaskList                       0x20002d40   Data          20  tasks.o(.bss)
    .bss                                     0x20002d54   Section      200  timers.o(.bss)
    xActiveTimerList1                        0x20002d54   Data          20  timers.o(.bss)
    xActiveTimerList2                        0x20002d68   Data          20  timers.o(.bss)
    xStaticTimerQueue                        0x20002d7c   Data          80  timers.o(.bss)
    ucStaticTimerQueueStorage                0x20002dcc   Data          80  timers.o(.bss)
    .bss                                     0x20002e1c   Section       96  libspace.o(.bss)
    HEAP                                     0x20002e80   Section      512  startup_stm32f10x_md.o(HEAP)
    Heap_Mem                                 0x20002e80   Data         512  startup_stm32f10x_md.o(HEAP)
    STACK                                    0x20003080   Section     1024  startup_stm32f10x_md.o(STACK)
    Stack_Mem                                0x20003080   Data        1024  startup_stm32f10x_md.o(STACK)
    __initial_sp                             0x20003480   Data           0  startup_stm32f10x_md.o(STACK)

    Global Symbols

    Symbol Name                              Value     Ov Type        Size  Object(Section)

    BuildAttributes$$THM_ISAv4$P$D$K$B$S$PE$A:L22UL41UL21$X:L11$S22US41US21$IEEE1$IW$USESV6$~STKCKD$USESV7$~SHL$OSPACE$ROPI$EBA8$UX$STANDARDLIB$REQ8$PRES8$EABIv2 0x00000000   Number         0  anon$$obj.o ABSOLUTE
    __ARM_use_no_argv                        0x00000000   Number         0  main.o ABSOLUTE
    __ARM_exceptions_init                     - Undefined Weak Reference
    __alloca_initialize                       - Undefined Weak Reference
    __arm_preinit_                            - Undefined Weak Reference
    __cpp_initialize__aeabi_                  - Undefined Weak Reference
    __cxa_finalize                            - Undefined Weak Reference
    __rt_locale                               - Undefined Weak Reference
    __sigvec_lookup                           - Undefined Weak Reference
    _atexit_init                              - Undefined Weak Reference
    _call_atexit_fns                          - Undefined Weak Reference
    _clock_init                               - Undefined Weak Reference
    _fp_trap_init                             - Undefined Weak Reference
    _fp_trap_shutdown                         - Undefined Weak Reference
    _get_lc_collate                           - Undefined Weak Reference
    _get_lc_ctype                             - Undefined Weak Reference
    _get_lc_monetary                          - Undefined Weak Reference
    _get_lc_numeric                           - Undefined Weak Reference
    _get_lc_time                              - Undefined Weak Reference
    _getenv_init                              - Undefined Weak Reference
    _handle_redirection                       - Undefined Weak Reference
    _init_alloc                               - Undefined Weak Reference
    _init_user_alloc                          - Undefined Weak Reference
    _initio                                   - Undefined Weak Reference
    _printf_mbtowc                            - Undefined Weak Reference
    _printf_post_padding                      - Undefined Weak Reference
    _printf_pre_padding                       - Undefined Weak Reference
    _rand_init                                - Undefined Weak Reference
    _signal_finish                            - Undefined Weak Reference
    _signal_init                              - Undefined Weak Reference
    _terminate_alloc                          - Undefined Weak Reference
    _terminate_user_alloc                     - Undefined Weak Reference
    _terminateio                              - Undefined Weak Reference
    __Vectors_Size                           0x000000ec   Number         0  startup_stm32f10x_md.o ABSOLUTE
    __Vectors                                0x08000000   Data           4  startup_stm32f10x_md.o(RESET)
    __Vectors_End                            0x080000ec   Data           0  startup_stm32f10x_md.o(RESET)
    __main                                   0x080000ed   Thumb Code     8  __main.o(!!!main)
    __scatterload                            0x080000f5   Thumb Code     0  __scatter.o(!!!scatter)
    __scatterload_rt2                        0x080000f5   Thumb Code    44  __scatter.o(!!!scatter)
    __scatterload_rt2_thumb_only             0x080000f5   Thumb Code     0  __scatter.o(!!!scatter)
    __scatterload_null                       0x08000103   Thumb Code     0  __scatter.o(!!!scatter)
    __scatterload_copy                       0x08000129   Thumb Code    26  __scatter_copy.o(!!handler_copy)
    __scatterload_zeroinit                   0x08000145   Thumb Code    28  __scatter_zi.o(!!handler_zi)
    _printf_percent                          0x08000161   Thumb Code     0  _printf_percent.o(.ARM.Collect$$_printf_percent$$00000000)
    _printf_s                                0x08000161   Thumb Code     0  _printf_s.o(.ARM.Collect$$_printf_percent$$00000014)
    _printf_percent_end                      0x08000167   Thumb Code     0  _printf_percent_end.o(.ARM.Collect$$_printf_percent$$00000017)
    __rt_lib_init                            0x0800016b   Thumb Code     0  libinit.o(.ARM.Collect$$libinit$$00000000)
    __rt_lib_init_alloca_1                   0x0800016d   Thumb Code     0  libinit2.o(.ARM.Collect$$libinit$$0000002E)
    __rt_lib_init_argv_1                     0x0800016d   Thumb Code     0  libinit2.o(.ARM.Collect$$libinit$$0000002C)
    __rt_lib_init_atexit_1                   0x0800016d   Thumb Code     0  libinit2.o(.ARM.Collect$$libinit$$0000001B)
    __rt_lib_init_clock_1                    0x0800016d   Thumb Code     0  libinit2.o(.ARM.Collect$$libinit$$00000021)
    __rt_lib_init_cpp_1                      0x0800016d   Thumb Code     0  libinit2.o(.ARM.Collect$$libinit$$00000032)
    __rt_lib_init_exceptions_1               0x0800016d   Thumb Code     0  libinit2.o(.ARM.Collect$$libinit$$00000030)
    __rt_lib_init_fp_1                       0x0800016d   Thumb Code     0  libinit2.o(.ARM.Collect$$libinit$$00000002)
    __rt_lib_init_fp_trap_1                  0x0800016d   Thumb Code     0  libinit2.o(.ARM.Collect$$libinit$$0000001F)
    __rt_lib_init_getenv_1                   0x0800016d   Thumb Code     0  libinit2.o(.ARM.Collect$$libinit$$00000023)
    __rt_lib_init_heap_1                     0x0800016d   Thumb Code     0  libinit2.o(.ARM.Collect$$libinit$$0000000A)
    __rt_lib_init_lc_collate_1               0x0800016d   Thumb Code     0  libinit2.o(.ARM.Collect$$libinit$$00000011)
    __rt_lib_init_lc_ctype_1                 0x0800016d   Thumb Code     0  libinit2.o(.ARM.Collect$$libinit$$00000013)
    __rt_lib_init_lc_monetary_1              0x0800016d   Thumb Code     0  libinit2.o(.ARM.Collect$$libinit$$00000015)
    __rt_lib_init_lc_numeric_1               0x0800016d   Thumb Code     0  libinit2.o(.ARM.Collect$$libinit$$00000017)
    __rt_lib_init_lc_time_1                  0x0800016d   Thumb Code     0  libinit2.o(.ARM.Collect$$libinit$$00000019)
    __rt_lib_init_preinit_1                  0x0800016d   Thumb Code     0  libinit2.o(.ARM.Collect$$libinit$$00000004)
    __rt_lib_init_rand_1                     0x0800016d   Thumb Code     0  libinit2.o(.ARM.Collect$$libinit$$0000000E)
    __rt_lib_init_return                     0x0800016d   Thumb Code     0  libinit2.o(.ARM.Collect$$libinit$$00000033)
    __rt_lib_init_signal_1                   0x0800016d   Thumb Code     0  libinit2.o(.ARM.Collect$$libinit$$0000001D)
    __rt_lib_init_stdio_1                    0x0800016d   Thumb Code     0  libinit2.o(.ARM.Collect$$libinit$$00000025)
    __rt_lib_init_user_alloc_1               0x0800016d   Thumb Code     0  libinit2.o(.ARM.Collect$$libinit$$0000000C)
    __rt_lib_shutdown                        0x0800016f   Thumb Code     0  libshutdown.o(.ARM.Collect$$libshutdown$$00000000)
    __rt_lib_shutdown_cpp_1                  0x08000171   Thumb Code     0  libshutdown2.o(.ARM.Collect$$libshutdown$$00000002)
    __rt_lib_shutdown_fp_trap_1              0x08000171   Thumb Code     0  libshutdown2.o(.ARM.Collect$$libshutdown$$00000007)
    __rt_lib_shutdown_heap_1                 0x08000171   Thumb Code     0  libshutdown2.o(.ARM.Collect$$libshutdown$$0000000F)
    __rt_lib_shutdown_return                 0x08000171   Thumb Code     0  libshutdown2.o(.ARM.Collect$$libshutdown$$00000010)
    __rt_lib_shutdown_signal_1               0x08000171   Thumb Code     0  libshutdown2.o(.ARM.Collect$$libshutdown$$0000000A)
    __rt_lib_shutdown_stdio_1                0x08000171   Thumb Code     0  libshutdown2.o(.ARM.Collect$$libshutdown$$00000004)
    __rt_lib_shutdown_user_alloc_1           0x08000171   Thumb Code     0  libshutdown2.o(.ARM.Collect$$libshutdown$$0000000C)
    __rt_entry                               0x08000173   Thumb Code     0  __rtentry.o(.ARM.Collect$$rtentry$$00000000)
    __rt_entry_presh_1                       0x08000173   Thumb Code     0  __rtentry2.o(.ARM.Collect$$rtentry$$00000002)
    __rt_entry_sh                            0x08000173   Thumb Code     0  __rtentry4.o(.ARM.Collect$$rtentry$$00000004)
    __rt_entry_postsh_1                      0x08000179   Thumb Code     0  __rtentry2.o(.ARM.Collect$$rtentry$$00000008)
    __rt_entry_li                            0x08000181   Thumb Code     0  __rtentry2.o(.ARM.Collect$$rtentry$$0000000A)
    __rt_entry_main                          0x08000185   Thumb Code     0  __rtentry2.o(.ARM.Collect$$rtentry$$0000000D)
    __rt_entry_postli_1                      0x08000185   Thumb Code     0  __rtentry2.o(.ARM.Collect$$rtentry$$0000000C)
    __rt_exit                                0x0800018d   Thumb Code     0  rtexit.o(.ARM.Collect$$rtexit$$00000000)
    __rt_exit_ls                             0x0800018f   Thumb Code     0  rtexit2.o(.ARM.Collect$$rtexit$$00000003)
    __rt_exit_prels_1                        0x0800018f   Thumb Code     0  rtexit2.o(.ARM.Collect$$rtexit$$00000002)
    __rt_exit_exit                           0x08000193   Thumb Code     0  rtexit2.o(.ARM.Collect$$rtexit$$00000004)
    SVC_Handler                              0x08000199   Thumb Code    32  port.o(.emb_text)
    __asm___6_port_c_39a90d8d__prvStartFirstTask 0x080001bd   Thumb Code    28  port.o(.emb_text)
    PendSV_Handler                           0x080001dd   Thumb Code    72  port.o(.emb_text)
    vPortGetIPSR                             0x08000229   Thumb Code     6  port.o(.emb_text)
    Reset_Handler                            0x08000231   Thumb Code     8  startup_stm32f10x_md.o(.text)
    NMI_Handler                              0x08000239   Thumb Code     2  startup_stm32f10x_md.o(.text)
    HardFault_Handler                        0x0800023b   Thumb Code     2  startup_stm32f10x_md.o(.text)
    MemManage_Handler                        0x0800023d   Thumb Code     2  startup_stm32f10x_md.o(.text)
    BusFault_Handler                         0x0800023f   Thumb Code     2  startup_stm32f10x_md.o(.text)
    UsageFault_Handler                       0x08000241   Thumb Code     2  startup_stm32f10x_md.o(.text)
    DebugMon_Handler                         0x08000245   Thumb Code     2  startup_stm32f10x_md.o(.text)
    ADC1_2_IRQHandler                        0x0800024b   Thumb Code     0  startup_stm32f10x_md.o(.text)
    CAN1_RX1_IRQHandler                      0x0800024b   Thumb Code     0  startup_stm32f10x_md.o(.text)
    CAN1_SCE_IRQHandler                      0x0800024b   Thumb Code     0  startup_stm32f10x_md.o(.text)
    DMA1_Channel1_IRQHandler                 0x0800024b   Thumb Code     0  startup_stm32f10x_md.o(.text)
    DMA1_Channel2_IRQHandler                 0x0800024b   Thumb Code     0  startup_stm32f10x_md.o(.text)
    DMA1_Channel3_IRQHandler                 0x0800024b   Thumb Code     0  startup_stm32f10x_md.o(.text)
    DMA1_Channel4_IRQHandler                 0x0800024b   Thumb Code     0  startup_stm32f10x_md.o(.text)
    DMA1_Channel5_IRQHandler                 0x0800024b   Thumb Code     0  startup_stm32f10x_md.o(.text)
    DMA1_Channel6_IRQHandler                 0x0800024b   Thumb Code     0  startup_stm32f10x_md.o(.text)
    DMA1_Channel7_IRQHandler                 0x0800024b   Thumb Code     0  startup_stm32f10x_md.o(.text)
    EXTI15_10_IRQHandler                     0x0800024b   Thumb Code     0  startup_stm32f10x_md.o(.text)
    EXTI1_IRQHandler                         0x0800024b   Thumb Code     0  startup_stm32f10x_md.o(.text)
    EXTI2_IRQHandler                         0x0800024b   Thumb Code     0  startup_stm32f10x_md.o(.text)
    EXTI3_IRQHandler                         0x0800024b   Thumb Code     0  startup_stm32f10x_md.o(.text)
    EXTI4_IRQHandler                         0x0800024b   Thumb Code     0  startup_stm32f10x_md.o(.text)
    EXTI9_5_IRQHandler                       0x0800024b   Thumb Code     0  startup_stm32f10x_md.o(.text)
    FLASH_IRQHandler                         0x0800024b   Thumb Code     0  startup_stm32f10x_md.o(.text)
    I2C1_ER_IRQHandler                       0x0800024b   Thumb Code     0  startup_stm32f10x_md.o(.text)
    I2C1_EV_IRQHandler                       0x0800024b   Thumb Code     0  startup_stm32f10x_md.o(.text)
    I2C2_ER_IRQHandler                       0x0800024b   Thumb Code     0  startup_stm32f10x_md.o(.text)
    I2C2_EV_IRQHandler                       0x0800024b   Thumb Code     0  startup_stm32f10x_md.o(.text)
    PVD_IRQHandler                           0x0800024b   Thumb Code     0  startup_stm32f10x_md.o(.text)
    RCC_IRQHandler                           0x0800024b   Thumb Code     0  startup_stm32f10x_md.o(.text)
    RTCAlarm_IRQHandler                      0x0800024b   Thumb Code     0  startup_stm32f10x_md.o(.text)
    RTC_IRQHandler                           0x0800024b   Thumb Code     0  startup_stm32f10x_md.o(.text)
    SPI1_IRQHandler                          0x0800024b   Thumb Code     0  startup_stm32f10x_md.o(.text)
    SPI2_IRQHandler                          0x0800024b   Thumb Code     0  startup_stm32f10x_md.o(.text)
    TAMPER_IRQHandler                        0x0800024b   Thumb Code     0  startup_stm32f10x_md.o(.text)
    TIM1_BRK_IRQHandler                      0x0800024b   Thumb Code     0  startup_stm32f10x_md.o(.text)
    TIM1_CC_IRQHandler                       0x0800024b   Thumb Code     0  startup_stm32f10x_md.o(.text)
    TIM1_TRG_COM_IRQHandler                  0x0800024b   Thumb Code     0  startup_stm32f10x_md.o(.text)
    TIM1_UP_IRQHandler                       0x0800024b   Thumb Code     0  startup_stm32f10x_md.o(.text)
    TIM2_IRQHandler                          0x0800024b   Thumb Code     0  startup_stm32f10x_md.o(.text)
    TIM3_IRQHandler                          0x0800024b   Thumb Code     0  startup_stm32f10x_md.o(.text)
    TIM4_IRQHandler                          0x0800024b   Thumb Code     0  startup_stm32f10x_md.o(.text)
    USART2_IRQHandler                        0x0800024b   Thumb Code     0  startup_stm32f10x_md.o(.text)
    USART3_IRQHandler                        0x0800024b   Thumb Code     0  startup_stm32f10x_md.o(.text)
    USBWakeUp_IRQHandler                     0x0800024b   Thumb Code     0  startup_stm32f10x_md.o(.text)
    USB_HP_CAN1_TX_IRQHandler                0x0800024b   Thumb Code     0  startup_stm32f10x_md.o(.text)
    USB_LP_CAN1_RX0_IRQHandler               0x0800024b   Thumb Code     0  startup_stm32f10x_md.o(.text)
    WWDG_IRQHandler                          0x0800024b   Thumb Code     0  startup_stm32f10x_md.o(.text)
    __user_initial_stackheap                 0x0800024d   Thumb Code     0  startup_stm32f10x_md.o(.text)
    __2printf                                0x08000271   Thumb Code    20  noretval__2printf.o(.text)
    __printf                                 0x08000289   Thumb Code   104  __printf.o(.text)
    _printf_str                              0x080002f1   Thumb Code    82  _printf_str.o(.text)
    __aeabi_memcpy                           0x08000343   Thumb Code     0  rt_memcpy_v6.o(.text)
    __rt_memcpy                              0x08000343   Thumb Code   138  rt_memcpy_v6.o(.text)
    _memcpy_lastbytes                        0x080003a9   Thumb Code     0  rt_memcpy_v6.o(.text)
    __aeabi_memset                           0x080003cd   Thumb Code    16  aeabi_memset.o(.text)
    __use_two_region_memory                  0x080003dd   Thumb Code     2  heapauxi.o(.text)
    __rt_heap_escrow$2region                 0x080003df   Thumb Code     2  heapauxi.o(.text)
    __rt_heap_expand$2region                 0x080003e1   Thumb Code     2  heapauxi.o(.text)
    _printf_cs_common                        0x080003e3   Thumb Code    20  _printf_char.o(.text)
    _printf_char                             0x080003f7   Thumb Code    16  _printf_char.o(.text)
    _printf_string                           0x08000407   Thumb Code     8  _printf_char.o(.text)
    _printf_char_file                        0x08000411   Thumb Code    32  _printf_char_file.o(.text)
    __aeabi_memcpy4                          0x08000435   Thumb Code     0  rt_memcpy_w.o(.text)
    __aeabi_memcpy8                          0x08000435   Thumb Code     0  rt_memcpy_w.o(.text)
    __rt_memcpy_w                            0x08000435   Thumb Code   100  rt_memcpy_w.o(.text)
    _memcpy_lastbytes_aligned                0x0800047d   Thumb Code     0  rt_memcpy_w.o(.text)
    __aeabi_memclr                           0x08000499   Thumb Code     0  rt_memclr.o(.text)
    __rt_memclr                              0x08000499   Thumb Code    68  rt_memclr.o(.text)
    _memset                                  0x0800049d   Thumb Code     0  rt_memclr.o(.text)
    _printf_char_common                      0x080004e7   Thumb Code    32  _printf_char_common.o(.text)
    ferror                                   0x0800050d   Thumb Code    30  ferror_locked.o(.text)
    __aeabi_memclr4                          0x0800052b   Thumb Code     0  rt_memclr_w.o(.text)
    __aeabi_memclr8                          0x0800052b   Thumb Code     0  rt_memclr_w.o(.text)
    __rt_memclr_w                            0x0800052b   Thumb Code    78  rt_memclr_w.o(.text)
    _memset_w                                0x0800052f   Thumb Code     0  rt_memclr_w.o(.text)
    __user_setup_stackheap                   0x08000579   Thumb Code    74  sys_stackheap_outer.o(.text)
    exit                                     0x080005c3   Thumb Code    18  exit.o(.text)
    __user_libspace                          0x080005d5   Thumb Code     8  libspace.o(.text)
    __user_perproc_libspace                  0x080005d5   Thumb Code     0  libspace.o(.text)
    _sys_exit                                0x080005dd   Thumb Code     8  sys_exit.o(.text)
    __I$use$semihosting                      0x080005e9   Thumb Code     0  use_no_semi.o(.text)
    __use_no_semihosting_swi                 0x080005e9   Thumb Code     2  use_no_semi.o(.text)
    __semihosting_library_function           0x080005eb   Thumb Code     0  indicate_semi.o(.text)
    Button_Config                            0x080005ed   Thumb Code    32  main.o(i.Button_Config)
    Coi_Config                               0x08000611   Thumb Code    38  main.o(i.Coi_Config)
    EXTI0_IRQHandler                         0x0800063d   Thumb Code    52  interrupt.o(i.EXTI0_IRQHandler)
    EXTI_ClearITPendingBit                   0x08000679   Thumb Code     6  stm32f10x_exti.o(i.EXTI_ClearITPendingBit)
    EXTI_GetITStatus                         0x08000685   Thumb Code    34  stm32f10x_exti.o(i.EXTI_GetITStatus)
    EXTI_Init                                0x080006ad   Thumb Code   142  stm32f10x_exti.o(i.EXTI_Init)
    GPIO_EXTILineConfig                      0x08000741   Thumb Code    60  stm32f10x_gpio.o(i.GPIO_EXTILineConfig)
    GPIO_Init                                0x08000781   Thumb Code   278  stm32f10x_gpio.o(i.GPIO_Init)
    GPIO_ReadInputDataBit                    0x08000897   Thumb Code    18  stm32f10x_gpio.o(i.GPIO_ReadInputDataBit)
    GPIO_ResetBits                           0x080008a9   Thumb Code     4  stm32f10x_gpio.o(i.GPIO_ResetBits)
    GPIO_SetBits                             0x080008ad   Thumb Code     4  stm32f10x_gpio.o(i.GPIO_SetBits)
    Interrupt_Config                         0x080008b1   Thumb Code    82  interrupt.o(i.Interrupt_Config)
    LED_Config                               0x08000905   Thumb Code    38  main.o(i.LED_Config)
    NVIC_Init                                0x08000931   Thumb Code   100  misc.o(i.NVIC_Init)
    NVIC_PriorityGroupConfig                 0x080009a1   Thumb Code    10  misc.o(i.NVIC_PriorityGroupConfig)
    RCC_APB2PeriphClockCmd                   0x080009b5   Thumb Code    26  stm32f10x_rcc.o(i.RCC_APB2PeriphClockCmd)
    SysTick_Handler                          0x08000abd   Thumb Code    22  cmsis_os2.o(i.SysTick_Handler)
    SystemInit                               0x08000ad5   Thumb Code    78  system_stm32f10x.o(i.SystemInit)
    Task_Blink                               0x08000b35   Thumb Code    22  main.o(i.Task_Blink)
    Task_Coi                                 0x08000b51   Thumb Code    58  main.o(i.Task_Coi)
    UARTx_Getc                               0x08000b99   Thumb Code    12  uart.o(i.UARTx_Getc)
    USART1_IRQHandler                        0x08000ba5   Thumb Code   114  uart.o(i.USART1_IRQHandler)
    USART_ClearITPendingBit                  0x08000c35   Thumb Code    30  stm32f10x_usart.o(i.USART_ClearITPendingBit)
    USART_Cmd                                0x08000c53   Thumb Code    24  stm32f10x_usart.o(i.USART_Cmd)
    USART_GetFlagStatus                      0x08000c6b   Thumb Code    26  stm32f10x_usart.o(i.USART_GetFlagStatus)
    USART_GetITStatus                        0x08000c85   Thumb Code    84  stm32f10x_usart.o(i.USART_GetITStatus)
    USART_ITConfig                           0x08000cd9   Thumb Code    74  stm32f10x_usart.o(i.USART_ITConfig)
    USART_ReceiveData                        0x08000d23   Thumb Code    10  stm32f10x_usart.o(i.USART_ReceiveData)
    USART_SendData                           0x08000d2d   Thumb Code     8  stm32f10x_usart.o(i.USART_SendData)
    Uart_init                                0x08000d35   Thumb Code   116  uart.o(i.Uart_init)
    _mutex_acquire                           0x08000db5   Thumb Code    22  clib_arm.o(i._mutex_acquire)
    _mutex_free                              0x08000dcd   Thumb Code    46  clib_arm.o(i._mutex_free)
    _mutex_initialize                        0x08000e01   Thumb Code    86  clib_arm.o(i._mutex_initialize)
    _mutex_release                           0x08000e61   Thumb Code    24  clib_arm.o(i._mutex_release)
    _platform_post_stackheap_init            0x08000e79   Thumb Code     2  clib_arm.o(i._platform_post_stackheap_init)
    fputc                                    0x08000e7b   Thumb Code    16  uart.o(i.fputc)
    main                                     0x08000e8d   Thumb Code    92  main.o(i.main)
    pvPortMalloc                             0x08001871   Thumb Code   198  heap_4.o(i.pvPortMalloc)
    pvTaskIncrementMutexHeldCount            0x08001951   Thumb Code    26  tasks.o(i.pvTaskIncrementMutexHeldCount)
    pxPortInitialiseStack                    0x08001971   Thumb Code    30  port.o(i.pxPortInitialiseStack)
    uart_SendChar                            0x08001995   Thumb Code    28  uart.o(i.uart_SendChar)
    uxListRemove                             0x080019b5   Thumb Code    40  list.o(i.uxListRemove)
    vApplicationGetIdleTaskMemory            0x080019dd   Thumb Code    14  cmsis_os2.o(i.vApplicationGetIdleTaskMemory)
    vApplicationGetTimerTaskMemory           0x080019f5   Thumb Code    14  cmsis_os2.o(i.vApplicationGetTimerTaskMemory)
    vApplicationStackOverflowHook            0x08001a0d   Thumb Code     2  cmsis_os2.o(i.vApplicationStackOverflowHook)
    vListInitialise                          0x08001a0f   Thumb Code    26  list.o(i.vListInitialise)
    vListInitialiseItem                      0x08001a29   Thumb Code     6  list.o(i.vListInitialiseItem)
    vListInsert                              0x08001a2f   Thumb Code    52  list.o(i.vListInsert)
    vListInsertEnd                           0x08001a63   Thumb Code    24  list.o(i.vListInsertEnd)
    vPortEnterCritical                       0x08001a7d   Thumb Code    30  port.o(i.vPortEnterCritical)
    vPortExitCritical                        0x08001aa1   Thumb Code    28  port.o(i.vPortExitCritical)
    vPortFree                                0x08001ac1   Thumb Code    74  heap_4.o(i.vPortFree)
    vPortSetupTimerInterrupt                 0x08001b19   Thumb Code    36  port.o(i.vPortSetupTimerInterrupt)
    vQueueDelete                             0x08001b41   Thumb Code    20  queue.o(i.vQueueDelete)
    vQueueWaitForMessageRestricted           0x08001b55   Thumb Code    74  queue.o(i.vQueueWaitForMessageRestricted)
    vTaskDelay                               0x08001ba1   Thumb Code    46  tasks.o(i.vTaskDelay)
    vTaskInternalSetTimeOutState             0x08001bd5   Thumb Code    14  tasks.o(i.vTaskInternalSetTimeOutState)
    vTaskMissedYield                         0x08001bed   Thumb Code     8  tasks.o(i.vTaskMissedYield)
    vTaskPlaceOnEventList                    0x08001bf9   Thumb Code    28  tasks.o(i.vTaskPlaceOnEventList)
    vTaskPlaceOnEventListRestricted          0x08001c19   Thumb Code    36  tasks.o(i.vTaskPlaceOnEventListRestricted)
    vTaskPriorityDisinheritAfterTimeout      0x08001c41   Thumb Code   130  tasks.o(i.vTaskPriorityDisinheritAfterTimeout)
    vTaskStartScheduler                      0x08001ccd   Thumb Code   120  tasks.o(i.vTaskStartScheduler)
    vTaskSuspendAll                          0x08001d61   Thumb Code    12  tasks.o(i.vTaskSuspendAll)
    vTaskSwitchContext                       0x08001d71   Thumb Code   154  tasks.o(i.vTaskSwitchContext)
    xPortStartScheduler                      0x08001e21   Thumb Code    42  port.o(i.xPortStartScheduler)
    xPortSysTickHandler                      0x08001e55   Thumb Code    46  port.o(i.xPortSysTickHandler)
    xQueueCreateMutex                        0x08001e89   Thumb Code    34  queue.o(i.xQueueCreateMutex)
    xQueueCreateMutexStatic                  0x08001eab   Thumb Code    42  queue.o(i.xQueueCreateMutexStatic)
    xQueueGenericCreate                      0x08001ed5   Thumb Code    58  queue.o(i.xQueueGenericCreate)
    xQueueGenericCreateStatic                0x08001f0f   Thumb Code    46  queue.o(i.xQueueGenericCreateStatic)
    xQueueGenericReset                       0x08001f3d   Thumb Code   122  queue.o(i.xQueueGenericReset)
    xQueueGenericSend                        0x08001fbd   Thumb Code   276  queue.o(i.xQueueGenericSend)
    xQueueGenericSendFromISR                 0x080020d5   Thumb Code   138  queue.o(i.xQueueGenericSendFromISR)
    xQueueGiveFromISR                        0x0800215f   Thumb Code   120  queue.o(i.xQueueGiveFromISR)
    xQueueReceive                            0x080021d9   Thumb Code   256  queue.o(i.xQueueReceive)
    xQueueSemaphoreTake                      0x080022dd   Thumb Code   300  queue.o(i.xQueueSemaphoreTake)
    xTaskCheckForTimeOut                     0x0800240d   Thumb Code    84  tasks.o(i.xTaskCheckForTimeOut)
    xTaskCreate                              0x08002469   Thumb Code   100  tasks.o(i.xTaskCreate)
    xTaskCreateStatic                        0x080024cd   Thumb Code    78  tasks.o(i.xTaskCreateStatic)
    xTaskGetSchedulerState                   0x0800251d   Thumb Code    24  tasks.o(i.xTaskGetSchedulerState)
    xTaskGetTickCount                        0x0800253d   Thumb Code     6  tasks.o(i.xTaskGetTickCount)
    xTaskIncrementTick                       0x08002549   Thumb Code   236  tasks.o(i.xTaskIncrementTick)
    xTaskPriorityDisinherit                  0x08002661   Thumb Code    86  tasks.o(i.xTaskPriorityDisinherit)
    xTaskPriorityInherit                     0x080026c1   Thumb Code   150  tasks.o(i.xTaskPriorityInherit)
    xTaskRemoveFromEventList                 0x08002765   Thumb Code   102  tasks.o(i.xTaskRemoveFromEventList)
    xTaskResumeAll                           0x080027e5   Thumb Code   194  tasks.o(i.xTaskResumeAll)
    xTimerCreateTimerTask                    0x080028cd   Thumb Code    76  timers.o(i.xTimerCreateTimerTask)
    xTimerGenericCommand                     0x0800292d   Thumb Code   104  timers.o(i.xTimerGenericCommand)
    Region$$Table$$Base                      0x08002998   Number         0  anon$$obj.o(Region$$Table)
    Region$$Table$$Limit                     0x080029b8   Number         0  anon$$obj.o(Region$$Table)
    xSemaphore                               0x20000000   Data           4  interrupt.o(.data)
    vrc_Getc                                 0x20000004   Data           1  uart.o(.data)
    vri_Stt                                  0x20000008   Data           4  uart.o(.data)
    vri_Count                                0x2000000c   Data           4  uart.o(.data)
    __stdout                                 0x20000010   Data           4  uart.o(.data)
    SystemCoreClock                          0x20000018   Data           4  system_stm32f10x.o(.data)
    AHBPrescTable                            0x2000001c   Data          16  system_stm32f10x.o(.data)
    pxCurrentTCB                             0x20000050   Data           4  tasks.o(.data)
    vrc_Res                                  0x200000a0   Data         100  uart.o(.bss)
    __libspace_start                         0x20002e1c   Data          96  libspace.o(.bss)
    __temporary_stack_top$libspace           0x20002e7c   Data           0  libspace.o(.bss)



==============================================================================

Memory Map of the image

  Image Entry point : 0x080000ed

  Load Region LR_IROM1 (Base: 0x08000000, Size: 0x00002a58, Max: 0x00010000, ABSOLUTE)

    Execution Region ER_IROM1 (Exec base: 0x08000000, Load base: 0x08000000, Size: 0x000029b8, Max: 0x00010000, ABSOLUTE)

    Exec Addr    Load Addr    Size         Type   Attr      Idx    E Section Name        Object

    0x08000000   0x08000000   0x000000ec   Data   RO         1598    RESET               startup_stm32f10x_md.o
    0x080000ec   0x080000ec   0x00000008   Code   RO         2846  * !!!main             c_w.l(__main.o)
    0x080000f4   0x080000f4   0x00000034   Code   RO         3020    !!!scatter          c_w.l(__scatter.o)
    0x08000128   0x08000128   0x0000001a   Code   RO         3022    !!handler_copy      c_w.l(__scatter_copy.o)
    0x08000142   0x08000142   0x00000002   PAD
    0x08000144   0x08000144   0x0000001c   Code   RO         3024    !!handler_zi        c_w.l(__scatter_zi.o)
    0x08000160   0x08000160   0x00000000   Code   RO         2839    .ARM.Collect$$_printf_percent$$00000000  c_w.l(_printf_percent.o)
    0x08000160   0x08000160   0x00000006   Code   RO         2838    .ARM.Collect$$_printf_percent$$00000014  c_w.l(_printf_s.o)
    0x08000166   0x08000166   0x00000004   Code   RO         2853    .ARM.Collect$$_printf_percent$$00000017  c_w.l(_printf_percent_end.o)
    0x0800016a   0x0800016a   0x00000002   Code   RO         2890    .ARM.Collect$$libinit$$00000000  c_w.l(libinit.o)
    0x0800016c   0x0800016c   0x00000000   Code   RO         2897    .ARM.Collect$$libinit$$00000002  c_w.l(libinit2.o)
    0x0800016c   0x0800016c   0x00000000   Code   RO         2899    .ARM.Collect$$libinit$$00000004  c_w.l(libinit2.o)
    0x0800016c   0x0800016c   0x00000000   Code   RO         2902    .ARM.Collect$$libinit$$0000000A  c_w.l(libinit2.o)
    0x0800016c   0x0800016c   0x00000000   Code   RO         2904    .ARM.Collect$$libinit$$0000000C  c_w.l(libinit2.o)
    0x0800016c   0x0800016c   0x00000000   Code   RO         2906    .ARM.Collect$$libinit$$0000000E  c_w.l(libinit2.o)
    0x0800016c   0x0800016c   0x00000000   Code   RO         2909    .ARM.Collect$$libinit$$00000011  c_w.l(libinit2.o)
    0x0800016c   0x0800016c   0x00000000   Code   RO         2911    .ARM.Collect$$libinit$$00000013  c_w.l(libinit2.o)
    0x0800016c   0x0800016c   0x00000000   Code   RO         2913    .ARM.Collect$$libinit$$00000015  c_w.l(libinit2.o)
    0x0800016c   0x0800016c   0x00000000   Code   RO         2915    .ARM.Collect$$libinit$$00000017  c_w.l(libinit2.o)
    0x0800016c   0x0800016c   0x00000000   Code   RO         2917    .ARM.Collect$$libinit$$00000019  c_w.l(libinit2.o)
    0x0800016c   0x0800016c   0x00000000   Code   RO         2919    .ARM.Collect$$libinit$$0000001B  c_w.l(libinit2.o)
    0x0800016c   0x0800016c   0x00000000   Code   RO         2921    .ARM.Collect$$libinit$$0000001D  c_w.l(libinit2.o)
    0x0800016c   0x0800016c   0x00000000   Code   RO         2923    .ARM.Collect$$libinit$$0000001F  c_w.l(libinit2.o)
    0x0800016c   0x0800016c   0x00000000   Code   RO         2925    .ARM.Collect$$libinit$$00000021  c_w.l(libinit2.o)
    0x0800016c   0x0800016c   0x00000000   Code   RO         2927    .ARM.Collect$$libinit$$00000023  c_w.l(libinit2.o)
    0x0800016c   0x0800016c   0x00000000   Code   RO         2929    .ARM.Collect$$libinit$$00000025  c_w.l(libinit2.o)
    0x0800016c   0x0800016c   0x00000000   Code   RO         2933    .ARM.Collect$$libinit$$0000002C  c_w.l(libinit2.o)
    0x0800016c   0x0800016c   0x00000000   Code   RO         2935    .ARM.Collect$$libinit$$0000002E  c_w.l(libinit2.o)
    0x0800016c   0x0800016c   0x00000000   Code   RO         2937    .ARM.Collect$$libinit$$00000030  c_w.l(libinit2.o)
    0x0800016c   0x0800016c   0x00000000   Code   RO         2939    .ARM.Collect$$libinit$$00000032  c_w.l(libinit2.o)
    0x0800016c   0x0800016c   0x00000002   Code   RO         2940    .ARM.Collect$$libinit$$00000033  c_w.l(libinit2.o)
    0x0800016e   0x0800016e   0x00000002   Code   RO         2960    .ARM.Collect$$libshutdown$$00000000  c_w.l(libshutdown.o)
    0x08000170   0x08000170   0x00000000   Code   RO         2973    .ARM.Collect$$libshutdown$$00000002  c_w.l(libshutdown2.o)
    0x08000170   0x08000170   0x00000000   Code   RO         2975    .ARM.Collect$$libshutdown$$00000004  c_w.l(libshutdown2.o)
    0x08000170   0x08000170   0x00000000   Code   RO         2978    .ARM.Collect$$libshutdown$$00000007  c_w.l(libshutdown2.o)
    0x08000170   0x08000170   0x00000000   Code   RO         2981    .ARM.Collect$$libshutdown$$0000000A  c_w.l(libshutdown2.o)
    0x08000170   0x08000170   0x00000000   Code   RO         2983    .ARM.Collect$$libshutdown$$0000000C  c_w.l(libshutdown2.o)
    0x08000170   0x08000170   0x00000000   Code   RO         2986    .ARM.Collect$$libshutdown$$0000000F  c_w.l(libshutdown2.o)
    0x08000170   0x08000170   0x00000002   Code   RO         2987    .ARM.Collect$$libshutdown$$00000010  c_w.l(libshutdown2.o)
    0x08000172   0x08000172   0x00000000   Code   RO         2848    .ARM.Collect$$rtentry$$00000000  c_w.l(__rtentry.o)
    0x08000172   0x08000172   0x00000000   Code   RO         2859    .ARM.Collect$$rtentry$$00000002  c_w.l(__rtentry2.o)
    0x08000172   0x08000172   0x00000006   Code   RO         2871    .ARM.Collect$$rtentry$$00000004  c_w.l(__rtentry4.o)
    0x08000178   0x08000178   0x00000008   Code   RO         2860    .ARM.Collect$$rtentry$$00000008  c_w.l(__rtentry2.o)
    0x08000180   0x08000180   0x00000004   Code   RO         2862    .ARM.Collect$$rtentry$$0000000A  c_w.l(__rtentry2.o)
    0x08000184   0x08000184   0x00000000   Code   RO         2864    .ARM.Collect$$rtentry$$0000000C  c_w.l(__rtentry2.o)
    0x08000184   0x08000184   0x00000008   Code   RO         2865    .ARM.Collect$$rtentry$$0000000D  c_w.l(__rtentry2.o)
    0x0800018c   0x0800018c   0x00000002   Code   RO         2894    .ARM.Collect$$rtexit$$00000000  c_w.l(rtexit.o)
    0x0800018e   0x0800018e   0x00000000   Code   RO         2942    .ARM.Collect$$rtexit$$00000002  c_w.l(rtexit2.o)
    0x0800018e   0x0800018e   0x00000004   Code   RO         2943    .ARM.Collect$$rtexit$$00000003  c_w.l(rtexit2.o)
    0x08000192   0x08000192   0x00000006   Code   RO         2944    .ARM.Collect$$rtexit$$00000004  c_w.l(rtexit2.o)
    0x08000198   0x08000198   0x00000096   Code   RO         1919    .emb_text           port.o
    0x0800022e   0x0800022e   0x00000002   PAD
    0x08000230   0x08000230   0x00000040   Code   RO         1599    .text               startup_stm32f10x_md.o
    0x08000270   0x08000270   0x00000018   Code   RO         2812    .text               c_w.l(noretval__2printf.o)
    0x08000288   0x08000288   0x00000068   Code   RO         2814    .text               c_w.l(__printf.o)
    0x080002f0   0x080002f0   0x00000052   Code   RO         2816    .text               c_w.l(_printf_str.o)
    0x08000342   0x08000342   0x0000008a   Code   RO         2840    .text               c_w.l(rt_memcpy_v6.o)
    0x080003cc   0x080003cc   0x00000010   Code   RO         2842    .text               c_w.l(aeabi_memset.o)
    0x080003dc   0x080003dc   0x00000006   Code   RO         2844    .text               c_w.l(heapauxi.o)
    0x080003e2   0x080003e2   0x0000002c   Code   RO         2849    .text               c_w.l(_printf_char.o)
    0x0800040e   0x0800040e   0x00000002   PAD
    0x08000410   0x08000410   0x00000024   Code   RO         2851    .text               c_w.l(_printf_char_file.o)
    0x08000434   0x08000434   0x00000064   Code   RO         2854    .text               c_w.l(rt_memcpy_w.o)
    0x08000498   0x08000498   0x00000044   Code   RO         2856    .text               c_w.l(rt_memclr.o)
    0x080004dc   0x080004dc   0x00000030   Code   RO         2873    .text               c_w.l(_printf_char_common.o)
    0x0800050c   0x0800050c   0x0000001e   Code   RO         2877    .text               c_w.l(ferror_locked.o)
    0x0800052a   0x0800052a   0x0000004e   Code   RO         2879    .text               c_w.l(rt_memclr_w.o)
    0x08000578   0x08000578   0x0000004a   Code   RO         2881    .text               c_w.l(sys_stackheap_outer.o)
    0x080005c2   0x080005c2   0x00000012   Code   RO         2885    .text               c_w.l(exit.o)
    0x080005d4   0x080005d4   0x00000008   Code   RO         2891    .text               c_w.l(libspace.o)
    0x080005dc   0x080005dc   0x0000000c   Code   RO         2952    .text               c_w.l(sys_exit.o)
    0x080005e8   0x080005e8   0x00000002   Code   RO         2963    .text               c_w.l(use_no_semi.o)
    0x080005ea   0x080005ea   0x00000000   Code   RO         2965    .text               c_w.l(indicate_semi.o)
    0x080005ea   0x080005ea   0x00000002   PAD
    0x080005ec   0x080005ec   0x00000024   Code   RO            4    i.Button_Config     main.o
    0x08000610   0x08000610   0x0000002c   Code   RO            5    i.Coi_Config        main.o
    0x0800063c   0x0800063c   0x0000003c   Code   RO          159    i.EXTI0_IRQHandler  interrupt.o
    0x08000678   0x08000678   0x0000000c   Code   RO         1004    i.EXTI_ClearITPendingBit  stm32f10x_exti.o
    0x08000684   0x08000684   0x00000028   Code   RO         1008    i.EXTI_GetITStatus  stm32f10x_exti.o
    0x080006ac   0x080006ac   0x00000094   Code   RO         1009    i.EXTI_Init         stm32f10x_exti.o
    0x08000740   0x08000740   0x00000040   Code   RO         1072    i.GPIO_EXTILineConfig  stm32f10x_gpio.o
    0x08000780   0x08000780   0x00000116   Code   RO         1075    i.GPIO_Init         stm32f10x_gpio.o
    0x08000896   0x08000896   0x00000012   Code   RO         1079    i.GPIO_ReadInputDataBit  stm32f10x_gpio.o
    0x080008a8   0x080008a8   0x00000004   Code   RO         1082    i.GPIO_ResetBits    stm32f10x_gpio.o
    0x080008ac   0x080008ac   0x00000004   Code   RO         1083    i.GPIO_SetBits      stm32f10x_gpio.o
    0x080008b0   0x080008b0   0x00000052   Code   RO          160    i.Interrupt_Config  interrupt.o
    0x08000902   0x08000902   0x00000002   PAD
    0x08000904   0x08000904   0x0000002c   Code   RO            6    i.LED_Config        main.o
    0x08000930   0x08000930   0x00000070   Code   RO          955    i.NVIC_Init         misc.o
    0x080009a0   0x080009a0   0x00000014   Code   RO          956    i.NVIC_PriorityGroupConfig  misc.o
    0x080009b4   0x080009b4   0x00000020   Code   RO         1199    i.RCC_APB2PeriphClockCmd  stm32f10x_rcc.o
    0x080009d4   0x080009d4   0x00000008   Code   RO         1606    i.SetSysClock       system_stm32f10x.o
    0x080009dc   0x080009dc   0x000000e0   Code   RO         1607    i.SetSysClockTo72   system_stm32f10x.o
    0x08000abc   0x08000abc   0x00000016   Code   RO          332    i.SysTick_Handler   cmsis_os2.o
    0x08000ad2   0x08000ad2   0x00000002   PAD
    0x08000ad4   0x08000ad4   0x00000060   Code   RO         1609    i.SystemInit        system_stm32f10x.o
    0x08000b34   0x08000b34   0x0000001c   Code   RO            7    i.Task_Blink        main.o
    0x08000b50   0x08000b50   0x00000048   Code   RO            8    i.Task_Coi          main.o
    0x08000b98   0x08000b98   0x0000000c   Code   RO          195    i.UARTx_Getc        uart.o
    0x08000ba4   0x08000ba4   0x00000090   Code   RO          196    i.USART1_IRQHandler  uart.o
    0x08000c34   0x08000c34   0x0000001e   Code   RO         1408    i.USART_ClearITPendingBit  stm32f10x_usart.o
    0x08000c52   0x08000c52   0x00000018   Code   RO         1411    i.USART_Cmd         stm32f10x_usart.o
    0x08000c6a   0x08000c6a   0x0000001a   Code   RO         1414    i.USART_GetFlagStatus  stm32f10x_usart.o
    0x08000c84   0x08000c84   0x00000054   Code   RO         1415    i.USART_GetITStatus  stm32f10x_usart.o
    0x08000cd8   0x08000cd8   0x0000004a   Code   RO         1417    i.USART_ITConfig    stm32f10x_usart.o
    0x08000d22   0x08000d22   0x0000000a   Code   RO         1425    i.USART_ReceiveData  stm32f10x_usart.o
    0x08000d2c   0x08000d2c   0x00000008   Code   RO         1428    i.USART_SendData    stm32f10x_usart.o
    0x08000d34   0x08000d34   0x00000080   Code   RO          197    i.Uart_init         uart.o
    0x08000db4   0x08000db4   0x00000016   Code   RO          268    i._mutex_acquire    clib_arm.o
    0x08000dca   0x08000dca   0x00000002   PAD
    0x08000dcc   0x08000dcc   0x00000034   Code   RO          269    i._mutex_free       clib_arm.o
    0x08000e00   0x08000e00   0x00000060   Code   RO          270    i._mutex_initialize  clib_arm.o
    0x08000e60   0x08000e60   0x00000018   Code   RO          271    i._mutex_release    clib_arm.o
    0x08000e78   0x08000e78   0x00000002   Code   RO          272    i._platform_post_stackheap_init  clib_arm.o
    0x08000e7a   0x08000e7a   0x00000010   Code   RO          198    i.fputc             uart.o
    0x08000e8a   0x08000e8a   0x00000002   PAD
    0x08000e8c   0x08000e8c   0x00000080   Code   RO            9    i.main              main.o
    0x08000f0c   0x08000f0c   0x00000024   Code   RO          273    i.os_kernel_is_active  clib_arm.o
    0x08000f30   0x08000f30   0x0000007c   Code   RO         2239    i.prvAddCurrentTaskToDelayedList  tasks.o
    0x08000fac   0x08000fac   0x000000b8   Code   RO         2240    i.prvAddNewTaskToReadyList  tasks.o
    0x08001064   0x08001064   0x0000005c   Code   RO         2636    i.prvCheckForValidListAndQueue  timers.o
    0x080010c0   0x080010c0   0x00000048   Code   RO         2241    i.prvCheckTasksWaitingTermination  tasks.o
    0x08001108   0x08001108   0x0000002a   Code   RO         2002    i.prvCopyDataFromQueue  queue.o
    0x08001132   0x08001132   0x0000007e   Code   RO         2003    i.prvCopyDataToQueue  queue.o
    0x080011b0   0x080011b0   0x00000028   Code   RO         2242    i.prvDeleteTCB      tasks.o
    0x080011d8   0x080011d8   0x00000014   Code   RO         2004    i.prvGetDisinheritPriorityAfterTimeout  queue.o
    0x080011ec   0x080011ec   0x00000028   Code   RO         2637    i.prvGetNextExpireTime  timers.o
    0x08001214   0x08001214   0x0000007c   Code   RO         1852    i.prvHeapInit       heap_4.o
    0x08001290   0x08001290   0x00000028   Code   RO         2243    i.prvIdleTask       tasks.o
    0x080012b8   0x080012b8   0x0000001e   Code   RO         2005    i.prvInitialiseMutex  queue.o
    0x080012d6   0x080012d6   0x0000002a   Code   RO         2006    i.prvInitialiseNewQueue  queue.o
    0x08001300   0x08001300   0x0000009a   Code   RO         2244    i.prvInitialiseNewTask  tasks.o
    0x0800139a   0x0800139a   0x00000002   PAD
    0x0800139c   0x0800139c   0x00000068   Code   RO         2245    i.prvInitialiseTaskLists  tasks.o
    0x08001404   0x08001404   0x00000068   Code   RO         1853    i.prvInsertBlockIntoFreeList  heap_4.o
    0x0800146c   0x0800146c   0x00000058   Code   RO         2639    i.prvInsertTimerInActiveList  timers.o
    0x080014c4   0x080014c4   0x0000001a   Code   RO         2007    i.prvIsQueueEmpty   queue.o
    0x080014de   0x080014de   0x0000001e   Code   RO         2008    i.prvIsQueueFull    queue.o
    0x080014fc   0x080014fc   0x0000005c   Code   RO         2640    i.prvProcessExpiredTimer  timers.o
    0x08001558   0x08001558   0x0000010c   Code   RO         2641    i.prvProcessReceivedCommands  timers.o
    0x08001664   0x08001664   0x00000074   Code   RO         2642    i.prvProcessTimerOrBlockTask  timers.o
    0x080016d8   0x080016d8   0x00000034   Code   RO         2247    i.prvResetNextTaskUnblockTime  tasks.o
    0x0800170c   0x0800170c   0x0000002c   Code   RO         2643    i.prvSampleTimeNow  timers.o
    0x08001738   0x08001738   0x00000088   Code   RO         2644    i.prvSwitchTimerLists  timers.o
    0x080017c0   0x080017c0   0x00000016   Code   RO         1920    i.prvTaskExitError  port.o
    0x080017d6   0x080017d6   0x0000001a   Code   RO         2645    i.prvTimerTask      timers.o
    0x080017f0   0x080017f0   0x0000007e   Code   RO         2009    i.prvUnlockQueue    queue.o
    0x0800186e   0x0800186e   0x00000002   PAD
    0x08001870   0x08001870   0x000000e0   Code   RO         1854    i.pvPortMalloc      heap_4.o
    0x08001950   0x08001950   0x00000020   Code   RO         2250    i.pvTaskIncrementMutexHeldCount  tasks.o
    0x08001970   0x08001970   0x00000024   Code   RO         1921    i.pxPortInitialiseStack  port.o
    0x08001994   0x08001994   0x00000020   Code   RO          199    i.uart_SendChar     uart.o
    0x080019b4   0x080019b4   0x00000028   Code   RO         1801    i.uxListRemove      list.o
    0x080019dc   0x080019dc   0x00000018   Code   RO          408    i.vApplicationGetIdleTaskMemory  cmsis_os2.o
    0x080019f4   0x080019f4   0x00000018   Code   RO          409    i.vApplicationGetTimerTaskMemory  cmsis_os2.o
    0x08001a0c   0x08001a0c   0x00000002   Code   RO          410    i.vApplicationStackOverflowHook  cmsis_os2.o
    0x08001a0e   0x08001a0e   0x0000001a   Code   RO         1802    i.vListInitialise   list.o
    0x08001a28   0x08001a28   0x00000006   Code   RO         1803    i.vListInitialiseItem  list.o
    0x08001a2e   0x08001a2e   0x00000034   Code   RO         1804    i.vListInsert       list.o
    0x08001a62   0x08001a62   0x00000018   Code   RO         1805    i.vListInsertEnd    list.o
    0x08001a7a   0x08001a7a   0x00000002   PAD
    0x08001a7c   0x08001a7c   0x00000024   Code   RO         1923    i.vPortEnterCritical  port.o
    0x08001aa0   0x08001aa0   0x00000020   Code   RO         1924    i.vPortExitCritical  port.o
    0x08001ac0   0x08001ac0   0x00000058   Code   RO         1855    i.vPortFree         heap_4.o
    0x08001b18   0x08001b18   0x00000028   Code   RO         1925    i.vPortSetupTimerInterrupt  port.o
    0x08001b40   0x08001b40   0x00000014   Code   RO         2015    i.vQueueDelete      queue.o
    0x08001b54   0x08001b54   0x0000004a   Code   RO         2017    i.vQueueWaitForMessageRestricted  queue.o
    0x08001b9e   0x08001b9e   0x00000002   PAD
    0x08001ba0   0x08001ba0   0x00000034   Code   RO         2260    i.vTaskDelay        tasks.o
    0x08001bd4   0x08001bd4   0x00000018   Code   RO         2265    i.vTaskInternalSetTimeOutState  tasks.o
    0x08001bec   0x08001bec   0x0000000c   Code   RO         2266    i.vTaskMissedYield  tasks.o
    0x08001bf8   0x08001bf8   0x00000020   Code   RO         2268    i.vTaskPlaceOnEventList  tasks.o
    0x08001c18   0x08001c18   0x00000028   Code   RO         2269    i.vTaskPlaceOnEventListRestricted  tasks.o
    0x08001c40   0x08001c40   0x0000008c   Code   RO         2271    i.vTaskPriorityDisinheritAfterTimeout  tasks.o
    0x08001ccc   0x08001ccc   0x00000094   Code   RO         2277    i.vTaskStartScheduler  tasks.o
    0x08001d60   0x08001d60   0x00000010   Code   RO         2279    i.vTaskSuspendAll   tasks.o
    0x08001d70   0x08001d70   0x000000b0   Code   RO         2280    i.vTaskSwitchContext  tasks.o
    0x08001e20   0x08001e20   0x00000034   Code   RO         1926    i.xPortStartScheduler  port.o
    0x08001e54   0x08001e54   0x00000034   Code   RO         1927    i.xPortSysTickHandler  port.o
    0x08001e88   0x08001e88   0x00000022   Code   RO         2020    i.xQueueCreateMutex  queue.o
    0x08001eaa   0x08001eaa   0x0000002a   Code   RO         2021    i.xQueueCreateMutexStatic  queue.o
    0x08001ed4   0x08001ed4   0x0000003a   Code   RO         2022    i.xQueueGenericCreate  queue.o
    0x08001f0e   0x08001f0e   0x0000002e   Code   RO         2023    i.xQueueGenericCreateStatic  queue.o
    0x08001f3c   0x08001f3c   0x00000080   Code   RO         2024    i.xQueueGenericReset  queue.o
    0x08001fbc   0x08001fbc   0x00000118   Code   RO         2025    i.xQueueGenericSend  queue.o
    0x080020d4   0x080020d4   0x0000008a   Code   RO         2026    i.xQueueGenericSendFromISR  queue.o
    0x0800215e   0x0800215e   0x00000078   Code   RO         2029    i.xQueueGiveFromISR  queue.o
    0x080021d6   0x080021d6   0x00000002   PAD
    0x080021d8   0x080021d8   0x00000104   Code   RO         2035    i.xQueueReceive     queue.o
    0x080022dc   0x080022dc   0x00000130   Code   RO         2037    i.xQueueSemaphoreTake  queue.o
    0x0800240c   0x0800240c   0x0000005c   Code   RO         2282    i.xTaskCheckForTimeOut  tasks.o
    0x08002468   0x08002468   0x00000064   Code   RO         2283    i.xTaskCreate       tasks.o
    0x080024cc   0x080024cc   0x0000004e   Code   RO         2284    i.xTaskCreateStatic  tasks.o
    0x0800251a   0x0800251a   0x00000002   PAD
    0x0800251c   0x0800251c   0x00000020   Code   RO         2288    i.xTaskGetSchedulerState  tasks.o
    0x0800253c   0x0800253c   0x0000000c   Code   RO         2289    i.xTaskGetTickCount  tasks.o
    0x08002548   0x08002548   0x00000118   Code   RO         2291    i.xTaskIncrementTick  tasks.o
    0x08002660   0x08002660   0x00000060   Code   RO         2294    i.xTaskPriorityDisinherit  tasks.o
    0x080026c0   0x080026c0   0x000000a4   Code   RO         2295    i.xTaskPriorityInherit  tasks.o
    0x08002764   0x08002764   0x00000080   Code   RO         2296    i.xTaskRemoveFromEventList  tasks.o
    0x080027e4   0x080027e4   0x000000e8   Code   RO         2297    i.xTaskResumeAll    tasks.o
    0x080028cc   0x080028cc   0x00000060   Code   RO         2654    i.xTimerCreateTimerTask  timers.o
    0x0800292c   0x0800292c   0x0000006c   Code   RO         2655    i.xTimerGenericCommand  timers.o
    0x08002998   0x08002998   0x00000020   Data   RO         3018    Region$$Table       anon$$obj.o


    Execution Region RW_IRAM1 (Exec base: 0x20000000, Load base: 0x080029b8, Size: 0x00003480, Max: 0x00005000, ABSOLUTE)

    Exec Addr    Load Addr    Size         Type   Attr      Idx    E Section Name        Object

    0x20000000   0x080029b8   0x00000004   Data   RW          161    .data               interrupt.o
    0x20000004   0x080029bc   0x00000010   Data   RW          202    .data               uart.o
    0x20000014   0x080029cc   0x00000001   Data   RW          275    .data               clib_arm.o
    0x20000015   0x080029cd   0x00000003   PAD
    0x20000018   0x080029d0   0x00000014   Data   RW         1610    .data               system_stm32f10x.o
    0x2000002c   0x080029e4   0x00000020   Data   RW         1861    .data               heap_4.o
    0x2000004c   0x08002a04   0x00000004   Data   RW         1928    .data               port.o
    0x20000050   0x08002a08   0x0000003c   Data   RW         2300    .data               tasks.o
    0x2000008c   0x08002a44   0x00000014   Data   RW         2663    .data               timers.o
    0x200000a0        -       0x00000064   Zero   RW          201    .bss                uart.o
    0x20000104        -       0x00000394   Zero   RW          274    .bss                clib_arm.o
    0x20000498        -       0x000003f8   Zero   RW          411    .bss                cmsis_os2.o
    0x20000890        -       0x00002000   Zero   RW         1860    .bss                heap_4.o
    0x20002890        -       0x000004c4   Zero   RW         2299    .bss                tasks.o
    0x20002d54        -       0x000000c8   Zero   RW         2662    .bss                timers.o
    0x20002e1c        -       0x00000060   Zero   RW         2892    .bss                c_w.l(libspace.o)
    0x20002e7c   0x08002a58   0x00000004   PAD
    0x20002e80        -       0x00000200   Zero   RW         1597    HEAP                startup_stm32f10x_md.o
    0x20003080        -       0x00000400   Zero   RW         1596    STACK               startup_stm32f10x_md.o


==============================================================================

Image component sizes


      Code (inc. data)   RO Data    RW Data    ZI Data      Debug   Object Name

       232         20          0          1        916       4832   clib_arm.o
        72         20          0          0       1016      26791   cmsis_os2.o
         0          0          0          0          0      11524   event_groups.o
       540         74          0         32       8192       4219   heap_4.o
       142          8          0          4          0       1199   interrupt.o
       148          0          0          0          0      12478   list.o
       352         72          0          0          0     254573   main.o
       132         22          0          0          0       1815   misc.o
       420         48          0          4          0       9300   port.o
      1946         18          0          0          0      20878   queue.o
        64         26        236          0       1536        808   startup_stm32f10x_md.o
       200         18          0          0          0       2468   stm32f10x_exti.o
       368          4          0          0          0       4778   stm32f10x_gpio.o
        32          6          0          0          0        641   stm32f10x_rcc.o
       256          0          0          0          0       6582   stm32f10x_usart.o
       328         28          0         20          0       2237   system_stm32f10x.o
      2656        370          0         60       1220      40531   tasks.o
      1106        114          0         20        200      12103   timers.o
       332         46          0         16        100      29677   uart.o

    ----------------------------------------------------------------------
      9348        894        268        160      13180     447434   Object Totals
         0          0         32          0          0          0   (incl. Generated)
        22          0          0          3          0          0   (incl. Padding)

    ----------------------------------------------------------------------

      Code (inc. data)   RO Data    RW Data    ZI Data      Debug   Library Member Name

         8          0          0          0          0         68   __main.o
       104          0          0          0          0         84   __printf.o
         0          0          0          0          0          0   __rtentry.o
        20          0          0          0          0          0   __rtentry2.o
         6          0          0          0          0          0   __rtentry4.o
        52          8          0          0          0          0   __scatter.o
        26          0          0          0          0          0   __scatter_copy.o
        28          0          0          0          0          0   __scatter_zi.o
        44          0          0          0          0        108   _printf_char.o
        48          6          0          0          0         96   _printf_char_common.o
        36          4          0          0          0         80   _printf_char_file.o
         0          0          0          0          0          0   _printf_percent.o
         4          0          0          0          0          0   _printf_percent_end.o
         6          0          0          0          0          0   _printf_s.o
        82          0          0          0          0         80   _printf_str.o
        16          0          0          0          0         68   aeabi_memset.o
        18          0          0          0          0         80   exit.o
        30          0          0          0          0         80   ferror_locked.o
         6          0          0          0          0        152   heapauxi.o
         0          0          0          0          0          0   indicate_semi.o
         2          0          0          0          0          0   libinit.o
         2          0          0          0          0          0   libinit2.o
         2          0          0          0          0          0   libshutdown.o
         2          0          0          0          0          0   libshutdown2.o
         8          4          0          0         96         68   libspace.o
        24          4          0          0          0         84   noretval__2printf.o
        68          0          0          0          0         68   rt_memclr.o
        78          0          0          0          0         80   rt_memclr_w.o
       138          0          0          0          0         68   rt_memcpy_v6.o
       100          0          0          0          0         80   rt_memcpy_w.o
         2          0          0          0          0          0   rtexit.o
        10          0          0          0          0          0   rtexit2.o
        12          4          0          0          0         68   sys_exit.o
        74          0          0          0          0         80   sys_stackheap_outer.o
         2          0          0          0          0         68   use_no_semi.o

    ----------------------------------------------------------------------
      1064         30          0          0        100       1560   Library Totals
         6          0          0          0          4          0   (incl. Padding)

    ----------------------------------------------------------------------

      Code (inc. data)   RO Data    RW Data    ZI Data      Debug   Library Name

      1058         30          0          0         96       1560   c_w.l

    ----------------------------------------------------------------------
      1064         30          0          0        100       1560   Library Totals

    ----------------------------------------------------------------------

==============================================================================


      Code (inc. data)   RO Data    RW Data    ZI Data      Debug   

     10412        924        268        160      13280     442126   Grand Totals
     10412        924        268        160      13280     442126   ELF Image Totals
     10412        924        268        160          0          0   ROM Totals

==============================================================================

    Total RO  Size (Code + RO Data)                10680 (  10.43kB)
    Total RW  Size (RW Data + ZI Data)             13440 (  13.13kB)
    Total ROM Size (Code + RO Data + RW Data)      10840 (  10.59kB)

==============================================================================

