<html>
<body>
<pre>
<h1>µVision Build Log</h1>
<h2>Tool Versions:</h2>
IDE-Version: µVision V5.21.1.0
Copyright (C) 2016 ARM Ltd and ARM Germany GmbH. All rights reserved.
License Information: dfdg admin, dgf, LIC=47GU5-GP8B7-VE6HA-1S6QI-ZWPZ8-AK2FD
 
Tool Versions:
Toolchain:       MDK-ARM Plus  Version: 5.21a
Toolchain Path:  C:\Keil_v5\ARM\ARMCC\Bin
C Compiler:      Armcc.exe V5.06 update 3 (build 300)
Assembler:       Armasm.exe V5.06 update 3 (build 300)
Linker/Locator:  ArmLink.exe V5.06 update 3 (build 300)
Library Manager: ArmAr.exe V5.06 update 3 (build 300)
Hex Converter:   FromElf.exe V5.06 update 3 (build 300)
CPU DLL:         SARMCM3.DLL V5.21a
Dialog DLL:      DCM.DLL V1.13.8.0
Target DLL:      STLink\ST-LINKIII-KEIL_SWO.dll V2.0.18.0
Dialog DLL:      TCM.DLL V1.14.14.0
 
<h2>Project:</h2>
C:\Project Keil C\HTN_Unit6_I2C\MDK\Unit6_I2C.uvprojx
Project File Date:  09/20/2025

<h2>Output:</h2>
*** Using Compiler 'V5.06 update 3 (build 300)', folder: 'C:\Keil_v5\ARM\ARMCC\Bin'
Rebuild target 'Project_I2C'
compiling i2c.c...
..\LIB\i2c.h(14): warning:  #1295-D: Deprecated declaration Config_I2C - give arg types
  void Config_I2C();
..\LIB\i2c.h(15): warning:  #1295-D: Deprecated declaration I2C_Start - give arg types
  void I2C_Start();
..\LIB\i2c.h(16): warning:  #1295-D: Deprecated declaration I2C_Stop - give arg types
  void I2C_Stop();
..\LIB\timer.h(7): warning:  #1295-D: Deprecated declaration TIM_Config - give arg types
  void TIM_Config();
..\LIB\timer.h(8): warning:  #1295-D: Deprecated declaration Delay_1ms - give arg types
  void Delay_1ms();
..\LIB\timer.h(10): warning:  #1295-D: Deprecated declaration Delay_1us - give arg types
  void Delay_1us();
..\LIB\i2c.c(141): warning:  #1-D: last line of file ends without a newline
  //}
..\LIB\i2c.c: 7 warnings, 0 errors
compiling stm32f10x_i2c.c...
compiling stm32f10x_gpio.c...
compiling uart.c...
compiling timer.c...
..\LIB\timer.h(7): warning:  #1295-D: Deprecated declaration TIM_Config - give arg types
  void TIM_Config();
..\LIB\timer.h(8): warning:  #1295-D: Deprecated declaration Delay_1ms - give arg types
  void Delay_1ms();
..\LIB\timer.h(10): warning:  #1295-D: Deprecated declaration Delay_1us - give arg types
  void Delay_1us();
..\LIB\timer.c(5): warning:  #177-D: variable "interrupt" was declared but never referenced
  	NVIC_InitTypeDef interrupt;
..\LIB\timer.c(34): warning:  #1-D: last line of file ends without a newline
  }
..\LIB\timer.c: 5 warnings, 0 errors
compiling sensor.c...
..\LIB\i2c.h(14): warning:  #1295-D: Deprecated declaration Config_I2C - give arg types
  void Config_I2C();
..\LIB\i2c.h(15): warning:  #1295-D: Deprecated declaration I2C_Start - give arg types
  void I2C_Start();
..\LIB\i2c.h(16): warning:  #1295-D: Deprecated declaration I2C_Stop - give arg types
  void I2C_Stop();
..\LIB\timer.h(7): warning:  #1295-D: Deprecated declaration TIM_Config - give arg types
  void TIM_Config();
..\LIB\timer.h(8): warning:  #1295-D: Deprecated declaration Delay_1ms - give arg types
  void Delay_1ms();
..\LIB\timer.h(10): warning:  #1295-D: Deprecated declaration Delay_1us - give arg types
  void Delay_1us();
..\LIB\sensor.c: 6 warnings, 0 errors
compiling misc.c...
compiling main.c...
..\LIB\i2c.h(14): warning:  #1295-D: Deprecated declaration Config_I2C - give arg types
  void Config_I2C();
..\LIB\i2c.h(15): warning:  #1295-D: Deprecated declaration I2C_Start - give arg types
  void I2C_Start();
..\LIB\i2c.h(16): warning:  #1295-D: Deprecated declaration I2C_Stop - give arg types
  void I2C_Stop();
..\LIB\timer.h(7): warning:  #1295-D: Deprecated declaration TIM_Config - give arg types
  void TIM_Config();
..\LIB\timer.h(8): warning:  #1295-D: Deprecated declaration Delay_1ms - give arg types
  void Delay_1ms();
..\LIB\timer.h(10): warning:  #1295-D: Deprecated declaration Delay_1us - give arg types
  void Delay_1us();
..\USER\main.c: 6 warnings, 0 errors
compiling stm32f10x_rcc.c...
assembling startup_stm32f10x_md.s...
compiling stm32f10x_usart.c...
compiling stm32f10x_tim.c...
compiling GPIO_STM32F10x.c...
compiling system_stm32f10x.c...
linking...
Program Size: Code=3964 RO-data=268 RW-data=24 ZI-data=1632  
".\Objects\Unit6_I2C.axf" - 0 Error(s), 24 Warning(s).

<h2>Software Packages used:</h2>

Package Vendor: ARM
                http://www.keil.com/pack/ARM.CMSIS.4.5.0.pack
                ARM::CMSIS:CORE:4.3.0
                CMSIS (Cortex Microcontroller Software Interface Standard)
   * Component: CORE Version: 4.3.0

Package Vendor: Keil
                http://www.keil.com/pack/Keil.STM32F1xx_DFP.2.1.0.pack
                Keil::Device:StdPeriph Drivers:GPIO:3.5.0
                STMicroelectronics STM32F1 Series Device Support, Drivers and Examples
   * Component: GPIO Version: 3.5.0
   * Component: I2C Version: 3.5.0
   * Component: Startup Version: 1.0.0
   * Component: RCC Version: 3.5.0
   * Component: Framework Version: 3.5.1
   * Component: TIM Version: 3.5.0
   * Component: USART Version: 3.5.0
   * Component: GPIO Version: 1.2

<h2>Collection of Component include folders:</h2>
  C:\Project Keil C\HTN_Unit6_I2C\MDK\RTE
  C:\Project Keil C\HTN_Unit6_I2C\MDK\RTE\Device\STM32F103C8
  C:\Keil_v5\ARM\PACK\ARM\CMSIS\4.5.0\CMSIS\Include
  C:\Keil_v5\ARM\PACK\Keil\STM32F1xx_DFP\2.1.0\Device\Include
  C:\Keil_v5\ARM\PACK\Keil\STM32F1xx_DFP\2.1.0\Device\StdPeriph_Driver\inc
  C:\Keil_v5\ARM\PACK\Keil\STM32F1xx_DFP\2.1.0\RTE_Driver

<h2>Collection of Component Files used:</h2>

   * Component: ARM::CMSIS:CORE:4.3.0

   * Component: Keil::Device:StdPeriph Drivers:GPIO:3.5.0
      Include file:  Device\StdPeriph_Driver\inc\stm32f10x_gpio.h
      Source file:   Device\StdPeriph_Driver\src\stm32f10x_gpio.c

   * Component: Keil::Device:StdPeriph Drivers:I2C:3.5.0
      Source file:   Device\StdPeriph_Driver\src\stm32f10x_i2c.c
      Include file:  Device\StdPeriph_Driver\inc\stm32f10x_i2c.h

   * Component: Keil::Device:Startup:1.0.0
      Source file:   Device\Source\ARM\startup_stm32f10x_md.s
      Source file:   Device\Source\ARM\STM32F1xx_OPT.s
      Source file:   Device\Source\system_stm32f10x.c
      Include file:  RTE_Driver\Config\RTE_Device.h

   * Component: Keil::Device:StdPeriph Drivers:RCC:3.5.0
      Source file:   Device\StdPeriph_Driver\src\stm32f10x_rcc.c
      Include file:  Device\StdPeriph_Driver\inc\stm32f10x_rcc.h

   * Component: Keil::Device:StdPeriph Drivers:Framework:3.5.1
      Include file:  Device\StdPeriph_Driver\inc\misc.h
      Source file:   Device\StdPeriph_Driver\src\misc.c
      Source file:   Device\StdPeriph_Driver\templates\stm32f10x_conf.h
      Source file:   Device\StdPeriph_Driver\templates\stm32f10x_it.c
      Include file:  Device\StdPeriph_Driver\templates\stm32f10x_it.h

   * Component: Keil::Device:StdPeriph Drivers:TIM:3.5.0
      Include file:  Device\StdPeriph_Driver\inc\stm32f10x_tim.h
      Source file:   Device\StdPeriph_Driver\src\stm32f10x_tim.c

   * Component: Keil::Device:StdPeriph Drivers:USART:3.5.0
      Include file:  Device\StdPeriph_Driver\inc\stm32f10x_usart.h
      Source file:   Device\StdPeriph_Driver\src\stm32f10x_usart.c

   * Component: Keil::Device:GPIO:1.2
      Include file:  RTE_Driver\GPIO_STM32F10x.h
      Source file:   RTE_Driver\GPIO_STM32F10x.c
Build Time Elapsed:  00:00:01
</pre>
</body>
</html>
