<html>
<body>
<pre>
<h1>µVision Build Log</h1>
<h2>Tool Versions:</h2>
IDE-Version: µVision V5.21.1.0
Copyright (C) 2016 ARM Ltd and ARM Germany GmbH. All rights reserved.
License Information: dfdg admin, dgf, LIC=47GU5-GP8B7-VE6HA-1S6QI-ZWPZ8-AK2FD
 
Tool Versions:
Toolchain:       MDK-ARM Plus  Version: 5.21a
Toolchain Path:  C:\Keil_v5\ARM\ARMCC\Bin
C Compiler:      Armcc.exe V5.06 update 3 (build 300)
Assembler:       Armasm.exe V5.06 update 3 (build 300)
Linker/Locator:  ArmLink.exe V5.06 update 3 (build 300)
Library Manager: ArmAr.exe V5.06 update 3 (build 300)
Hex Converter:   FromElf.exe V5.06 update 3 (build 300)
CPU DLL:         SARMCM3.DLL V5.21a
Dialog DLL:      DCM.DLL V1.13.8.0
Target DLL:      STLink\ST-LINKIII-KEIL_SWO.dll V2.0.18.0
Dialog DLL:      TCM.DLL V1.14.14.0
 
<h2>Project:</h2>
D:\Project STM32\HTN_Unit9_DMA\MDK\Unit9_DMA.uvprojx
Project File Date:  09/23/2025

<h2>Output:</h2>
*** Using Compiler 'V5.06 update 3 (build 300)', folder: 'C:\Keil_v5\ARM\ARMCC\Bin'
Rebuild target 'Project_DMA'
compiling adc.c...
..\LIB\inc\timer.h(7): warning:  #1295-D: Deprecated declaration Tim_config - give arg types
  void Tim_config();
..\LIB\inc\timer.h(8): warning:  #1295-D: Deprecated declaration Delay_1ms - give arg types
  void Delay_1ms();
..\LIB\inc\adc.h(9): warning:  #1295-D: Deprecated declaration ADC_Config - give arg types
  void ADC_Config();
..\LIB\src\adc.c(19): warning:  #1-D: last line of file ends without a newline
  }
..\LIB\src\adc.c: 4 warnings, 0 errors
compiling stm32f10x_gpio.c...
compiling dma.c...
..\LIB\inc\timer.h(7): warning:  #1295-D: Deprecated declaration Tim_config - give arg types
  void Tim_config();
..\LIB\inc\timer.h(8): warning:  #1295-D: Deprecated declaration Delay_1ms - give arg types
  void Delay_1ms();
..\LIB\inc\adc.h(9): warning:  #1295-D: Deprecated declaration ADC_Config - give arg types
  void ADC_Config();
..\LIB\inc\dma.h(8): warning:  #1295-D: Deprecated declaration DMA_Config - give arg types
  void DMA_Config();
..\LIB\inc\dma.h(9): warning:  #1295-D: Deprecated declaration DMA1_Channel1_IRQHandler - give arg types
  void DMA1_Channel1_IRQHandler();
..\LIB\src\dma.c(24): warning:  #1-D: last line of file ends without a newline
  }
..\LIB\src\dma.c: 6 warnings, 0 errors
compiling TIMER.c...
..\LIB\inc\timer.h(7): warning:  #1295-D: Deprecated declaration Tim_config - give arg types
  void Tim_config();
..\LIB\inc\timer.h(8): warning:  #1295-D: Deprecated declaration Delay_1ms - give arg types
  void Delay_1ms();
..\LIB\src\TIMER.c: 2 warnings, 0 errors
compiling misc.c...
compiling stm32f10x_rcc.c...
compiling stm32f10x_dma.c...
compiling UART.c...
..\LIB\inc\uart.h(10): warning:  #1295-D: Deprecated declaration Uart_Config - give arg types
  void Uart_Config();
..\LIB\src\UART.c: 1 warning, 0 errors
compiling main.c...
..\LIB\inc\timer.h(7): warning:  #1295-D: Deprecated declaration Tim_config - give arg types
  void Tim_config();
..\LIB\inc\timer.h(8): warning:  #1295-D: Deprecated declaration Delay_1ms - give arg types
  void Delay_1ms();
..\LIB\inc\uart.h(10): warning:  #1295-D: Deprecated declaration Uart_Config - give arg types
  void Uart_Config();
..\LIB\inc\adc.h(9): warning:  #1295-D: Deprecated declaration ADC_Config - give arg types
  void ADC_Config();
..\LIB\inc\dma.h(8): warning:  #1295-D: Deprecated declaration DMA_Config - give arg types
  void DMA_Config();
..\LIB\inc\dma.h(9): warning:  #1295-D: Deprecated declaration DMA1_Channel1_IRQHandler - give arg types
  void DMA1_Channel1_IRQHandler();
..\USER\main.c(29): warning:  #1-D: last line of file ends without a newline
  }
..\USER\main.c: 7 warnings, 0 errors
compiling stm32f10x_adc.c...
compiling stm32f10x_tim.c...
assembling startup_stm32f10x_md.s...
compiling stm32f10x_usart.c...
compiling GPIO_STM32F10x.c...
compiling system_stm32f10x.c...
linking...
Program Size: Code=3704 RO-data=268 RW-data=8 ZI-data=1632  
".\Objects\Unit9_DMA.axf" - 0 Error(s), 20 Warning(s).

<h2>Software Packages used:</h2>

Package Vendor: ARM
                http://www.keil.com/pack/ARM.CMSIS.4.5.0.pack
                ARM::CMSIS:CORE:4.3.0
                CMSIS (Cortex Microcontroller Software Interface Standard)
   * Component: CORE Version: 4.3.0

Package Vendor: Keil
                http://www.keil.com/pack/Keil.STM32F1xx_DFP.2.1.0.pack
                Keil::Device:Startup:1.0.0
                STMicroelectronics STM32F1 Series Device Support, Drivers and Examples
   * Component: Startup Version: 1.0.0
   * Component: Framework Version: 3.5.1
   * Component: ADC Version: 3.5.0
   * Component: USART Version: 3.5.0
   * Component: DMA Version: 3.5.0
   * Component: GPIO Version: 3.5.0
   * Component: RCC Version: 3.5.0
   * Component: TIM Version: 3.5.0
   * Component: GPIO Version: 1.2

<h2>Collection of Component include folders:</h2>
  D:\Project STM32\HTN_Unit9_DMA\MDK\RTE
  D:\Project STM32\HTN_Unit9_DMA\MDK\RTE\Device\STM32F103C8
  C:\Keil_v5\ARM\PACK\ARM\CMSIS\4.5.0\CMSIS\Include
  C:\Keil_v5\ARM\PACK\Keil\STM32F1xx_DFP\2.1.0\Device\Include
  C:\Keil_v5\ARM\PACK\Keil\STM32F1xx_DFP\2.1.0\Device\StdPeriph_Driver\inc
  C:\Keil_v5\ARM\PACK\Keil\STM32F1xx_DFP\2.1.0\RTE_Driver

<h2>Collection of Component Files used:</h2>

   * Component: ARM::CMSIS:CORE:4.3.0

   * Component: Keil::Device:Startup:1.0.0
      Source file:   Device\Source\ARM\startup_stm32f10x_md.s
      Source file:   Device\Source\system_stm32f10x.c
      Include file:  RTE_Driver\Config\RTE_Device.h
      Source file:   Device\Source\ARM\STM32F1xx_OPT.s

   * Component: Keil::Device:StdPeriph Drivers:Framework:3.5.1
      Include file:  Device\StdPeriph_Driver\inc\misc.h
      Source file:   Device\StdPeriph_Driver\src\misc.c
      Source file:   Device\StdPeriph_Driver\templates\stm32f10x_conf.h
      Source file:   Device\StdPeriph_Driver\templates\stm32f10x_it.c
      Include file:  Device\StdPeriph_Driver\templates\stm32f10x_it.h

   * Component: Keil::Device:StdPeriph Drivers:ADC:3.5.0
      Include file:  Device\StdPeriph_Driver\inc\stm32f10x_adc.h
      Source file:   Device\StdPeriph_Driver\src\stm32f10x_adc.c

   * Component: Keil::Device:StdPeriph Drivers:USART:3.5.0
      Include file:  Device\StdPeriph_Driver\inc\stm32f10x_usart.h
      Source file:   Device\StdPeriph_Driver\src\stm32f10x_usart.c

   * Component: Keil::Device:StdPeriph Drivers:DMA:3.5.0
      Source file:   Device\StdPeriph_Driver\src\stm32f10x_dma.c
      Include file:  Device\StdPeriph_Driver\inc\stm32f10x_dma.h

   * Component: Keil::Device:StdPeriph Drivers:GPIO:3.5.0
      Include file:  Device\StdPeriph_Driver\inc\stm32f10x_gpio.h
      Source file:   Device\StdPeriph_Driver\src\stm32f10x_gpio.c

   * Component: Keil::Device:StdPeriph Drivers:RCC:3.5.0
      Include file:  Device\StdPeriph_Driver\inc\stm32f10x_rcc.h
      Source file:   Device\StdPeriph_Driver\src\stm32f10x_rcc.c

   * Component: Keil::Device:StdPeriph Drivers:TIM:3.5.0
      Include file:  Device\StdPeriph_Driver\inc\stm32f10x_tim.h
      Source file:   Device\StdPeriph_Driver\src\stm32f10x_tim.c

   * Component: Keil::Device:GPIO:1.2
      Include file:  RTE_Driver\GPIO_STM32F10x.h
      Source file:   RTE_Driver\GPIO_STM32F10x.c
Build Time Elapsed:  00:00:01
</pre>
</body>
</html>
